============================= test session starts =============================
platform win32 -- Python 3.13.9, pytest-9.0.2, pluggy-1.6.0
rootdir: D:\Elite_Coders\AstraGuard-AI
configfile: pytest.ini
plugins: anyio-4.12.0, langsmith-0.5.1, asyncio-1.3.0, cov-7.0.0
asyncio: mode=Mode.AUTO, debug=False, asyncio_default_fixture_loop_scope=None, asyncio_default_test_loop_scope=function
collected 649 items

tests\benchmark\test_feedback_epic.py ........
tests\chaos\test_chaos_simple.py ....
tests\test_api.py ...
≡ƒôê ACCURACY UPLIFT BENCHMARK
   Baseline (no learning):  56.0%
   Learned (with feedback): 86.0%
   Uplift:                  +53.6%

≡ƒî¬∩╕Å CHAOS CONCURRENCY TEST
   Total generated: 1000
   Successfully pinned: 1000
   Survival rate: 100.0%

≡ƒÆ╛ MEMORY RETENTION TEST
   Pinned critical events: 50
   Retention status: Γ£à OK

≡ƒ¢í∩╕Å PIPELINE RESILIENCE TEST
   Empty feedback: Γ£à OK
   Malformed data: Γ£à OK

≡ƒôè LABEL DISTRIBUTION IMPACT
   High-quality (70%): 70.0% retained
   Low-quality (30%):  30.0% retained

≡ƒôê COVERAGE VALIDATION
   Target: ΓëÑ92%
   Run: pytest --cov=. --cov-report=term-missing
Γ£à All dependencies including optional modules available
Γ£à All core production dependencies available
Γ£à Complete ECWoC26 feedback loop available
2026-01-06 14:56:43 [info     ] anomaly_detected               confidence=0.85 instance_id=telemetry severity=CRITICAL type=power_fault
....2026-01-06 14:56:43 [info     ] anomaly_detected               confidence=0.85 instance_id=telemetry severity=CRITICAL type=power_fault
...........2026-01-06 14:56:43 [info     ] anomaly_detected               confidence=0.85 instance_id=telemetry severity=CRITICAL type=power_fault
.2026-01-06 14:56:43 [info     ] anomaly_detected               confidence=0.85 instance_id=telemetry severity=CRITICAL type=power_fault
....2026-01-06 14:56:43 [info     ] anomaly_detected               confidence=0.85 instance_id=telemetry severity=CRITICAL type=power_fault
2026-01-06 14:56:43 [info     ] anomaly_detected               confidence=0.85 instance_id=telemetry severity=CRITICAL type=power_fault
2026-01-06 14:56:43 [info     ] anomaly_detected               confidence=0.85 instance_id=telemetry severity=CRITICAL type=power_fault
2026-01-06 14:56:43 [info     ] anomaly_detected               confidence=0.85 instance_id=telemetry severity=CRITICAL type=power_fault
2026-01-06 14:56:43 [info     ] anomaly_detected               confidence=0.85 instance_id=telemetry severity=CRITICAL type=power_fault
2026-01-06 14:56:43 [info     ] anomaly_detected               confidence=0.85 instance_id=telemetry severity=CRITICAL type=power_fault
2026-01-06 14:56:43 [info     ] anomaly_detected               confidence=0.85 instance_id=telemetry severity=CRITICAL type=power_fault
2026-01-06 14:56:43 [info     ] anomaly_detected               confidence=0.85 instance_id=telemetry severity=CRITICAL type=power_fault
2026-01-06 14:56:43 [info     ] anomaly_detected               confidence=0.85 instance_id=telemetry severity=CRITICAL type=power_fault
2026-01-06 14:56:43 [info     ] anomaly_detected               confidence=0.85 instance_id=telemetry severity=CRITICAL type=power_fault
2026-01-06 14:56:43 [info     ] anomaly_detected               confidence=0.85 instance_id=telemetry severity=CRITICAL type=power_fault
2026-01-06 14:56:43 [info     ] anomaly_detected               confidence=0.85 instance_id=telemetry severity=CRITICAL type=power_fault
2026-01-06 14:56:43 [info     ] anomaly_detected               confidence=0.85 instance_id=telemetry severity=CRITICAL type=power_fault
2026-01-06 14:56:43 [info     ] anomaly_detected               confidence=0.85 instance_id=telemetry severity=CRITICAL type=power_fault
2026-01-06 14:56:43 [info     ] anomaly_detected               confidence=0.85 instance_id=telemetry severity=CRITICAL type=power_fault
2026-01-06 14:56:43 [info     ] anomaly_detected               confidence=0.85 instance_id=telemetry severity=CRITICAL type=power_fault
2026-01-06 14:56:43 [info     ] anomaly_detected               confidence=0.85 instance_id=telemetry severity=CRITICAL type=power_fault
2026-01-06 14:56:43 [info     ] anomaly_detected               confidence=0.85 instance_id=telemetry severity=CRITICAL type=power_fault
2026-01-06 14:56:43 [info     ] anomaly_detected               confidence=0.85 instance_id=telemetry severity=CRITICAL type=power_fault
2026-01-06 14:56:43 [info     ] anomaly_detected               confidence=0.85 instance_id=telemetry severity=CRITICAL type=power_fault
2026-01-06 14:56:43 [info     ] anomaly_detected               confidence=0.85 instance_id=telemetry severity=CRITICAL type=power_fault
2026-01-06 14:56:43 [info     ] anomaly_detected               confidence=0.85 instance_id=telemetry severity=CRITICAL type=power_fault
2026-01-06 14:56:43 [info     ] anomaly_detected               confidence=0.85 instance_id=telemetry severity=CRITICAL type=power_fault
2026-01-06 14:56:43 [info     ] anomaly_detected               confidence=0.85 instance_id=telemetry severity=CRITICAL type=power_fault
2026-01-06 14:56:43 [info     ] anomaly_detected               confidence=0.85 instance_id=telemetry severity=CRITICAL type=power_fault
2026-01-06 14:56:43 [info     ] anomaly_detected               confidence=0.85 instance_id=telemetry severity=CRITICAL type=power_fault
2026-01-06 14:56:43 [info     ] anomaly_detected               confidence=0.85 instance_id=telemetry severity=CRITICAL type=power_fault
2026-01-06 14:56:43 [info     ] anomaly_detected               confidence=0.85 instance_id=telemetry severity=CRITICAL type=power_fault
2026-01-06 14:56:43 [info     ] anomaly_detected               confidence=0.85 instance_id=telemetry severity=CRITICAL type=power_fault
2026-01-06 14:56:43 [info     ] anomaly_detected               confidence=0.85 instance_id=telemetry severity=CRITICAL type=power_fault
2026-01-06 14:56:43 [info     ] anomaly_detected               confidence=0.85 instance_id=telemetry severity=CRITICAL type=power_fault
2026-01-06 14:56:43 [info     ] anomaly_detected               confidence=0.85 instance_id=telemetry severity=CRITICAL type=power_fault
2026-01-06 14:56:43 [info     ] anomaly_detected               confidence=0.85 instance_id=telemetry severity=CRITICAL type=power_fault
2026-01-06 14:56:43 [info     ] anomaly_detected               confidence=0.85 instance_id=telemetry severity=CRITICAL type=power_fault
2026-01-06 14:56:43 [info     ] anomaly_detected               confidence=0.85 instance_id=telemetry severity=CRITICAL type=power_fault
2026-01-06 14:56:43 [info     ] anomaly_detected               confidence=0.85 instance_id=telemetry severity=CRITICAL type=power_fault
2026-01-06 14:56:43 [info     ] anomaly_detected               confidence=0.85 instance_id=telemetry severity=CRITICAL type=power_fault
2026-01-06 14:56:43 [info     ] anomaly_detected               confidence=0.85 instance_id=telemetry severity=CRITICAL type=power_fault
2026-01-06 14:56:43 [info     ] anomaly_detected               confidence=0.85 instance_id=telemetry severity=CRITICAL type=power_fault
2026-01-06 14:56:43 [info     ] anomaly_detected               confidence=0.85 instance_id=telemetry severity=CRITICAL type=power_fault
2026-01-06 14:56:43 [info     ] anomaly_detected               confidence=0.85 instance_id=telemetry severity=CRITICAL type=power_fault
2026-01-06 14:56:43 [info     ] anomaly_detected               confidence=0.85 instance_id=telemetry severity=CRITICAL type=power_fault
2026-01-06 14:56:43 [info     ] anomaly_detected               confidence=0.85 instance_id=telemetry severity=CRITICAL type=power_fault
2026-01-06 14:56:43 [info     ] anomaly_detected               confidence=0.85 instance_id=telemetry severity=CRITICAL type=power_fault
2026-01-06 14:56:43 [info     ] anomaly_detected               confidence=0.85 instance_id=telemetry severity=CRITICAL type=power_fault
2026-01-06 14:56:43 [info     ] anomaly_detected               confidence=0.85 instance_id=telemetry severity=CRITICAL type=power_fault
2026-01-06 14:56:43 [info     ] anomaly_detected               confidence=0.85 instance_id=telemetry severity=CRITICAL type=power_fault
2026-01-06 14:56:43 [info     ] anomaly_detected               confidence=0.85 instance_id=telemetry severity=CRITICAL type=power_fault
2026-01-06 14:56:43 [info     ] anomaly_detected               confidence=0.85 instance_id=telemetry severity=CRITICAL type=power_fault
2026-01-06 14:56:43 [info     ] anomaly_detected               confidence=0.85 instance_id=telemetry severity=CRITICAL type=power_fault
2026-01-06 14:56:43 [info     ] anomaly_detected               confidence=0.85 instance_id=telemetry severity=CRITICAL type=power_fault
2026-01-06 14:56:43 [info     ] anomaly_detected               confidence=0.85 instance_id=telemetry severity=CRITICAL type=power_fault
2026-01-06 14:56:43 [info     ] anomaly_detected               confidence=0.85 instance_id=telemetry severity=CRITICAL type=power_fault
2026-01-06 14:56:43 [info     ] anomaly_detected               confidence=0.85 instance_id=telemetry severity=CRITICAL type=power_fault
2026-01-06 14:56:43 [info     ] anomaly_detected               confidence=0.85 instance_id=telemetry severity=CRITICAL type=power_fault
2026-01-06 14:56:43 [info     ] anomaly_detected               confidence=0.85 instance_id=telemetry severity=CRITICAL type=power_fault
2026-01-06 14:56:43 [info     ] anomaly_detected               confidence=0.85 instance_id=telemetry severity=CRITICAL type=power_fault
2026-01-06 14:56:43 [info     ] anomaly_detected               confidence=0.85 instance_id=telemetry severity=CRITICAL type=power_fault
2026-01-06 14:56:43 [info     ] anomaly_detected               confidence=0.85 instance_id=telemetry severity=CRITICAL type=power_fault
2026-01-06 14:56:43 [info     ] anomaly_detected               confidence=0.85 instance_id=telemetry severity=CRITICAL type=power_fault
2026-01-06 14:56:43 [info     ] anomaly_detected               confidence=0.85 instance_id=telemetry severity=CRITICAL type=power_fault
2026-01-06 14:56:43 [info     ] anomaly_detected               confidence=0.85 instance_id=telemetry severity=CRITICAL type=power_fault
2026-01-06 14:56:43 [info     ] anomaly_detected               confidence=0.85 instance_id=telemetry severity=CRITICAL type=power_fault
2026-01-06 14:56:43 [info     ] anomaly_detected               confidence=0.85 instance_id=telemetry severity=CRITICAL type=power_fault
2026-01-06 14:56:43 [info     ] anomaly_detected               confidence=0.85 instance_id=telemetry severity=CRITICAL type=power_fault
2026-01-06 14:56:43 [info     ] anomaly_detected               confidence=0.85 instance_id=telemetry severity=CRITICAL type=power_fault
2026-01-06 14:56:43 [info     ] anomaly_detected               confidence=0.85 instance_id=telemetry severity=CRITICAL type=power_fault
2026-01-06 14:56:43 [info     ] anomaly_detected               confidence=0.85 instance_id=telemetry severity=CRITICAL type=power_fault
2026-01-06 14:56:43 [info     ] anomaly_detected               confidence=0.85 instance_id=telemetry severity=CRITICAL type=power_fault
2026-01-06 14:56:43 [info     ] anomaly_detected               confidence=0.85 instance_id=telemetry severity=CRITICAL type=power_fault
2026-01-06 14:56:43 [info     ] anomaly_detected               confidence=0.85 instance_id=telemetry severity=CRITICAL type=power_fault
2026-01-06 14:56:43 [info     ] anomaly_detected               confidence=0.85 instance_id=telemetry severity=CRITICAL type=power_fault
2026-01-06 14:56:43 [info     ] anomaly_detected               confidence=0.85 instance_id=telemetry severity=CRITICAL type=power_fault
2026-01-06 14:56:43 [info     ] anomaly_detected               confidence=0.85 instance_id=telemetry severity=CRITICAL type=power_fault
2026-01-06 14:56:43 [info     ] anomaly_detected               confidence=0.85 instance_id=telemetry severity=CRITICAL type=power_fault
2026-01-06 14:56:43 [info     ] anomaly_detected               confidence=0.85 instance_id=telemetry severity=CRITICAL type=power_fault
2026-01-06 14:56:43 [info     ] anomaly_detected               confidence=0.85 instance_id=telemetry severity=CRITICAL type=power_fault
2026-01-06 14:56:43 [info     ] anomaly_detected               confidence=0.85 instance_id=telemetry severity=CRITICAL type=power_fault
2026-01-06 14:56:43 [info     ] anomaly_detected               confidence=0.85 instance_id=telemetry severity=CRITICAL type=power_fault
2026-01-06 14:56:43 [info     ] anomaly_detected               confidence=0.85 instance_id=telemetry severity=CRITICAL type=power_fault
2026-01-06 14:56:43 [info     ] anomaly_detected               confidence=0.85 instance_id=telemetry severity=CRITICAL type=power_fault
2026-01-06 14:56:43 [info     ] anomaly_detected               confidence=0.85 instance_id=telemetry severity=CRITICAL type=power_fault
2026-01-06 14:56:43 [info     ] anomaly_detected               confidence=0.85 instance_id=telemetry severity=CRITICAL type=power_fault
2026-01-06 14:56:43 [info     ] anomaly_detected               confidence=0.85 instance_id=telemetry severity=CRITICAL type=power_fault
2026-01-06 14:56:43 [info     ] anomaly_detected               confidence=0.85 instance_id=telemetry severity=CRITICAL type=power_fault
2026-01-06 14:56:43 [info     ] anomaly_detected               confidence=0.85 instance_id=telemetry severity=CRITICAL type=power_fault
2026-01-06 14:56:43 [info     ] anomaly_detected               confidence=0.85 instance_id=telemetry severity=CRITICAL type=power_fault
2026-01-06 14:56:43 [info     ] anomaly_detected               confidence=0.85 instance_id=telemetry severity=CRITICAL type=power_fault
2026-01-06 14:56:43 [info     ] anomaly_detected               confidence=0.85 instance_id=telemetry severity=CRITICAL type=power_fault
2026-01-06 14:56:43 [info     ] anomaly_detected               confidence=0.85 instance_id=telemetry severity=CRITICAL type=power_fault
2026-01-06 14:56:43 [info     ] anomaly_detected               confidence=0.85 instance_id=telemetry severity=CRITICAL type=power_fault
2026-01-06 14:56:43 [info     ] anomaly_detected               confidence=0.85 instance_id=telemetry severity=CRITICAL type=power_fault
2026-01-06 14:56:43 [info     ] anomaly_detected               confidence=0.85 instance_id=telemetry severity=CRITICAL type=power_fault
2026-01-06 14:56:43 [info     ] anomaly_detected               confidence=0.85 instance_id=telemetry severity=CRITICAL type=power_fault
2026-01-06 14:56:43 [info     ] anomaly_detected               confidence=0.85 instance_id=telemetry severity=CRITICAL type=power_fault
2026-01-06 14:56:43 [info     ] anomaly_detected               confidence=0.85 instance_id=telemetry severity=CRITICAL type=power_fault
2026-01-06 14:56:43 [info     ] anomaly_detected               confidence=0.85 instance_id=telemetry severity=CRITICAL type=power_fault
2026-01-06 14:56:43 [info     ] anomaly_detected               confidence=0.85 instance_id=telemetry severity=CRITICAL type=power_fault
2026-01-06 14:56:43 [info     ] anomaly_detected               confidence=0.85 instance_id=telemetry severity=CRITICAL type=power_fault
2026-01-06 14:56:43 [info     ] anomaly_detected               confidence=0.85 instance_id=telemetry severity=CRITICAL type=power_fault
.2026-01-06 14:56:43 [info     ] anomaly_detected               confidence=0.85 instance_id=telemetry severity=CRITICAL type=power_fault
2026-01-06 14:56:43 [info     ] anomaly_detected               confidence=0.85 instance_id=telemetry severity=CRITICAL type=power_fault
2026-01-06 14:56:43 [info     ] anomaly_detected               confidence=0.85 instance_id=telemetry severity=CRITICAL type=power_fault
2026-01-06 14:56:43 [info     ] anomaly_detected               confidence=0.85 instance_id=telemetry severity=CRITICAL type=power_fault
2026-01-06 14:56:43 [info     ] anomaly_detected               confidence=0.85 instance_id=telemetry severity=CRITICAL type=power_fault
.
tests\test_circuit_breaker.py ....................
tests\test_circuit_breaker_integration.py .................
tests\test_cli\test_feedback_review.py ........
≡ƒôï 1 pending events found:


1. Fault: test1
   Type: power
   Action: cycle
   Phase: NOMINAL_OPS
   Time: 2026-01-06 09:26:49.671879
Γ£à Saved: FeedbackLabel.CORRECT - test1

≡ƒÄë 1 events processed ΓåÆ review complete! ΓåÆ ready for #53 pinning
........
tests\test_coverage_enhancement.py ...............................................................F
tests\test_decorators\test_feedback_decorator.py ..............................
tests\test_distributed_coordinator.py ..................................
tests\test_error_handling.py .......................
tests\test_error_handling_integration.py ............................
tests\test_health_monitor_integration.py ................................
tests\test_integration\test_feedback_logging.py .....
tests\test_integration\test_feedback_loop.py .............
tests\test_integration_error_handling.py .................
tests\test_memory\test_feedback_pinning.py .................
tests\test_memory_store.py ........
tests\test_mission_phase_policy_engine.py ..........................
tests\test_models\test_feedback.py .................
tests\test_observability.py .....ss..........
≡ƒôï 1 pending events found:


1. Fault: test1
   Type: power
   Action: cycle
   Phase: NOMINAL_OPS
   Time: 2026-01-06 09:26:49.695031
Γ£à Saved: FeedbackLabel.CORRECT - test1

≡ƒÄë 1 events processed ΓåÆ review complete! ΓåÆ ready for #53 pinning

≡ƒôï 1 pending events found:


1. Fault: test1
   Type: test
   Action: test
   Phase: NOMINAL_OPS
   Time: 2026-01-06 09:26:49.725739

≡ƒôï 2 pending events found:


1. Fault: test0
   Type: test
   Action: test
   Phase: NOMINAL_OPS
   Time: 2026-01-06 09:26:49.731210
Γ£à Saved: FeedbackLabel.CORRECT - test0

2. Fault: test1
   Type: test
   Action: test
   Phase: NOMINAL_OPS
   Time: 2026-01-06 09:26:49.731228
Γ£à Saved: FeedbackLabel.INSUFFICIENT - test1

≡ƒÄë 2 events processed ΓåÆ review complete! ΓåÆ ready for #53 pinning

≡ƒôï 1 pending events found:


1. Fault: test1
   Type: test
   Action: test
   Phase: NOMINAL_OPS
   Time: 2026-01-06 09:26:49.749646
Γ£à Saved: FeedbackLabel.CORRECT - test1

≡ƒÄë 1 events processed ΓåÆ review complete! ΓåÆ ready for #53 pinning
{"method": "POST", "endpoint": "/api/detect", "status": 200, "duration_ms": 123.45, "user_id": "123", "event": "http_request", "service": "test-service", "environment": "development", "version": "1.0.0", "level": "info", "timestamp": "2026-01-06T09:26:55.949180Z"}
.{"severity": "critical", "type": "network_anomaly", "confidence": 0.95, "instance_id": "inst-001", "event": "anomaly_detected", "service": "test-service", "environment": "development", "version": "1.0.0", "level": "info", "timestamp": "2026-01-06T09:26:55.949793Z"}
....{"severity": "warning", "type": "test_anomaly", "confidence": 0.85, "event": "anomaly_detected", "service": "test-service", "environment": "development", "version": "1.0.0", "level": "info", "timestamp": "2026-01-06T09:26:55.977637Z"}
..{"severity": "critical", "type": "cpu_spike", "confidence": 0.98, "event": "anomaly_detected", "service": "test-service", "environment": "development", "version": "1.0.0", "level": "info", "timestamp": "2026-01-06T09:26:56.006202Z"}
.......
tests\test_phase_aware_anomaly_flow.py .{"timestamp": "2026-01-06T09:26:56.061610+00:00", "level": null, "name": "state_machine.state_engine", "message": "Forced transition to SAFE_MODE from NOMINAL_OPS", "taskName": null}
..{"timestamp": "2026-01-06T09:26:56.064559+00:00", "level": null, "name": "config.mission_phase_policy_loader", "message": "Found policy config at: config/mission_phase_response_policy.yaml", "taskName": null}
{"timestamp": "2026-01-06T09:26:56.074148+00:00", "level": null, "name": "config.mission_phase_policy_loader", "message": "Loaded mission phase policy from config/mission_phase_response_policy.yaml", "taskName": null}
{"timestamp": "2026-01-06T09:26:56.074349+00:00", "level": null, "name": "config.mission_phase_policy_loader", "message": "Policy validated and merged with defaults", "taskName": null}
{"timestamp": "2026-01-06T09:26:56.074593+00:00", "level": null, "name": "state_machine.mission_phase_policy_engine", "message": "Policy engine initialized with 5 phases", "taskName": null}
{"timestamp": "2026-01-06T09:26:56.074912+00:00", "level": null, "name": "anomaly_agent.phase_aware_handler", "message": "Phase-aware anomaly handler initialized", "taskName": null}
{"timestamp": "2026-01-06T09:26:56.075621+00:00", "level": null, "name": "anomaly_agent.phase_aware_handler", "message": "Anomaly decision: {'timestamp': '2026-01-06T14:56:56.075518', 'decision_id': 'DECISION_1767691616075_13357', 'anomaly_type': 'power_fault', 'severity': 0.75, 'confidence': 0.9, 'mission_phase': 'NOMINAL_OPS', 'recommended_action': 'LOG_EVENT', 'escalation': False, 'recurrence_count': 1, 'reasoning': 'Anomaly type: power_fault | Severity: HIGH | Mission phase: NOMINAL_OPS | Allowed actions: LOG_EVENT, MONITOR, ALERT_ONLY, RESTART_SERVICE, THERMAL_REGULATION, POWER_LOAD_BALANCING, STABILIZATION, PING_GROUND, ISOLATE_SUBSYSTEM | Decision: Execute allowed response action'}", "taskName": null}
.{"timestamp": "2026-01-06T09:26:56.077153+00:00", "level": null, "name": "config.mission_phase_policy_loader", "message": "Found policy config at: config/mission_phase_response_policy.yaml", "taskName": null}
{"timestamp": "2026-01-06T09:26:56.084275+00:00", "level": null, "name": "config.mission_phase_policy_loader", "message": "Loaded mission phase policy from config/mission_phase_response_policy.yaml", "taskName": null}
{"timestamp": "2026-01-06T09:26:56.084429+00:00", "level": null, "name": "config.mission_phase_policy_loader", "message": "Policy validated and merged with defaults", "taskName": null}
{"timestamp": "2026-01-06T09:26:56.084611+00:00", "level": null, "name": "state_machine.mission_phase_policy_engine", "message": "Policy engine initialized with 5 phases", "taskName": null}
{"timestamp": "2026-01-06T09:26:56.084674+00:00", "level": null, "name": "anomaly_agent.phase_aware_handler", "message": "Phase-aware anomaly handler initialized", "taskName": null}
{"timestamp": "2026-01-06T09:26:56.085258+00:00", "level": null, "name": "anomaly_agent.phase_aware_handler", "message": "Anomaly decision: {'timestamp': '2026-01-06T14:56:56.085149', 'decision_id': 'DECISION_1767691616085_89584', 'anomaly_type': 'thermal_fault', 'severity': 0.65, 'confidence': 0.85, 'mission_phase': 'NOMINAL_OPS', 'recommended_action': 'LOG_EVENT', 'escalation': False, 'recurrence_count': 1, 'reasoning': 'Anomaly type: thermal_fault | Severity: MEDIUM | Mission phase: NOMINAL_OPS | Allowed actions: LOG_EVENT, MONITOR, ALERT_ONLY, RESTART_SERVICE, THERMAL_REGULATION, POWER_LOAD_BALANCING, STABILIZATION, PING_GROUND, ISOLATE_SUBSYSTEM | Decision: Execute allowed response action'}", "taskName": null}
.{"timestamp": "2026-01-06T09:26:56.086429+00:00", "level": null, "name": "config.mission_phase_policy_loader", "message": "Found policy config at: config/mission_phase_response_policy.yaml", "taskName": null}
{"timestamp": "2026-01-06T09:26:56.093290+00:00", "level": null, "name": "config.mission_phase_policy_loader", "message": "Loaded mission phase policy from config/mission_phase_response_policy.yaml", "taskName": null}
{"timestamp": "2026-01-06T09:26:56.093411+00:00", "level": null, "name": "config.mission_phase_policy_loader", "message": "Policy validated and merged with defaults", "taskName": null}
{"timestamp": "2026-01-06T09:26:56.093559+00:00", "level": null, "name": "state_machine.mission_phase_policy_engine", "message": "Policy engine initialized with 5 phases", "taskName": null}
{"timestamp": "2026-01-06T09:26:56.093616+00:00", "level": null, "name": "anomaly_agent.phase_aware_handler", "message": "Phase-aware anomaly handler initialized", "taskName": null}
{"timestamp": "2026-01-06T09:26:56.093947+00:00", "level": null, "name": "anomaly_agent.phase_aware_handler", "message": "Anomaly decision: {'timestamp': '2026-01-06T14:56:56.093894', 'decision_id': 'DECISION_1767691616093_16576', 'anomaly_type': 'power_fault', 'severity': 0.95, 'confidence': 0.99, 'mission_phase': 'NOMINAL_OPS', 'recommended_action': 'ENTER_SAFE_MODE', 'escalation': True, 'recurrence_count': 1, 'reasoning': 'Anomaly type: power_fault | Severity: CRITICAL | Mission phase: NOMINAL_OPS | Allowed actions: LOG_EVENT, MONITOR, ALERT_ONLY, RESTART_SERVICE, THERMAL_REGULATION, POWER_LOAD_BALANCING, STABILIZATION, PING_GROUND, ISOLATE_SUBSYSTEM | Decision: Escalate to SAFE_MODE'}", "taskName": null}
{"timestamp": "2026-01-06T09:26:56.094026+00:00", "level": null, "name": "anomaly_agent.phase_aware_handler", "message": "Escalating to SAFE_MODE due to power_fault (severity: 0.95, phase: NOMINAL_OPS)", "taskName": null}
{"timestamp": "2026-01-06T09:26:56.094092+00:00", "level": null, "name": "state_machine.state_engine", "message": "Forced transition to SAFE_MODE from NOMINAL_OPS", "taskName": null}
{"timestamp": "2026-01-06T09:26:56.094132+00:00", "level": null, "name": "anomaly_agent.phase_aware_handler", "message": "Escalation executed: Emergency transition to SAFE_MODE executed", "taskName": null}
.{"timestamp": "2026-01-06T09:26:56.095020+00:00", "level": null, "name": "config.mission_phase_policy_loader", "message": "Found policy config at: config/mission_phase_response_policy.yaml", "taskName": null}
{"timestamp": "2026-01-06T09:26:56.102619+00:00", "level": null, "name": "config.mission_phase_policy_loader", "message": "Loaded mission phase policy from config/mission_phase_response_policy.yaml", "taskName": null}
{"timestamp": "2026-01-06T09:26:56.102825+00:00", "level": null, "name": "config.mission_phase_policy_loader", "message": "Policy validated and merged with defaults", "taskName": null}
{"timestamp": "2026-01-06T09:26:56.103084+00:00", "level": null, "name": "state_machine.mission_phase_policy_engine", "message": "Policy engine initialized with 5 phases", "taskName": null}
{"timestamp": "2026-01-06T09:26:56.103168+00:00", "level": null, "name": "anomaly_agent.phase_aware_handler", "message": "Phase-aware anomaly handler initialized", "taskName": null}
{"timestamp": "2026-01-06T09:26:56.103555+00:00", "level": null, "name": "state_machine.state_engine", "message": "Mission phase transitioned: NOMINAL_OPS \u2192 SAFE_MODE", "taskName": null}
{"timestamp": "2026-01-06T09:26:56.103734+00:00", "level": null, "name": "anomaly_agent.phase_aware_handler", "message": "Anomaly decision: {'timestamp': '2026-01-06T14:56:56.103677', 'decision_id': 'DECISION_1767691616103_65220', 'anomaly_type': 'power_fault', 'severity': 0.95, 'confidence': 0.99, 'mission_phase': 'SAFE_MODE', 'recommended_action': 'LOG_ONLY', 'escalation': False, 'recurrence_count': 1, 'reasoning': 'Anomaly type: power_fault | Severity: CRITICAL | Mission phase: SAFE_MODE | Automated response blocked by phase policy | Decision: Log event only'}", "taskName": null}
.{"timestamp": "2026-01-06T09:26:56.105286+00:00", "level": null, "name": "config.mission_phase_policy_loader", "message": "Found policy config at: config/mission_phase_response_policy.yaml", "taskName": null}
{"timestamp": "2026-01-06T09:26:56.111767+00:00", "level": null, "name": "config.mission_phase_policy_loader", "message": "Loaded mission phase policy from config/mission_phase_response_policy.yaml", "taskName": null}
{"timestamp": "2026-01-06T09:26:56.111871+00:00", "level": null, "name": "config.mission_phase_policy_loader", "message": "Policy validated and merged with defaults", "taskName": null}
{"timestamp": "2026-01-06T09:26:56.112003+00:00", "level": null, "name": "state_machine.mission_phase_policy_engine", "message": "Policy engine initialized with 5 phases", "taskName": null}
{"timestamp": "2026-01-06T09:26:56.112063+00:00", "level": null, "name": "anomaly_agent.phase_aware_handler", "message": "Phase-aware anomaly handler initialized", "taskName": null}
{"timestamp": "2026-01-06T09:26:56.112344+00:00", "level": null, "name": "anomaly_agent.phase_aware_handler", "message": "Anomaly decision: {'timestamp': '2026-01-06T14:56:56.112293', 'decision_id': 'DECISION_1767691616112_26563', 'anomaly_type': 'thermal_fault', 'severity': 0.6, 'confidence': 0.8, 'mission_phase': 'NOMINAL_OPS', 'recommended_action': 'LOG_EVENT', 'escalation': False, 'recurrence_count': 1, 'reasoning': 'Anomaly type: thermal_fault | Severity: MEDIUM | Mission phase: NOMINAL_OPS | Allowed actions: LOG_EVENT, MONITOR, ALERT_ONLY, RESTART_SERVICE, THERMAL_REGULATION, POWER_LOAD_BALANCING, STABILIZATION, PING_GROUND, ISOLATE_SUBSYSTEM | Decision: Execute allowed response action'}", "taskName": null}
{"timestamp": "2026-01-06T09:26:56.112461+00:00", "level": null, "name": "anomaly_agent.phase_aware_handler", "message": "Anomaly decision: {'timestamp': '2026-01-06T14:56:56.112432', 'decision_id': 'DECISION_1767691616112_24261', 'anomaly_type': 'thermal_fault', 'severity': 0.6, 'confidence': 0.8, 'mission_phase': 'NOMINAL_OPS', 'recommended_action': 'LOG_EVENT', 'escalation': False, 'recurrence_count': 2, 'reasoning': 'Anomaly type: thermal_fault | Severity: MEDIUM | Mission phase: NOMINAL_OPS | Allowed actions: LOG_EVENT, MONITOR, ALERT_ONLY, RESTART_SERVICE, THERMAL_REGULATION, POWER_LOAD_BALANCING, STABILIZATION, PING_GROUND, ISOLATE_SUBSYSTEM | Decision: Execute allowed response action'}", "taskName": null}
{"timestamp": "2026-01-06T09:26:56.112566+00:00", "level": null, "name": "anomaly_agent.phase_aware_handler", "message": "Anomaly decision: {'timestamp': '2026-01-06T14:56:56.112539', 'decision_id': 'DECISION_1767691616112_70506', 'anomaly_type': 'thermal_fault', 'severity': 0.6, 'confidence': 0.8, 'mission_phase': 'NOMINAL_OPS', 'recommended_action': 'ENTER_SAFE_MODE', 'escalation': True, 'recurrence_count': 3, 'reasoning': 'Anomaly type: thermal_fault | Severity: MEDIUM | Mission phase: NOMINAL_OPS | Allowed actions: LOG_EVENT, MONITOR, ALERT_ONLY, RESTART_SERVICE, THERMAL_REGULATION, POWER_LOAD_BALANCING, STABILIZATION, PING_GROUND, ISOLATE_SUBSYSTEM | Decision: Escalate to SAFE_MODE'}", "taskName": null}
{"timestamp": "2026-01-06T09:26:56.112618+00:00", "level": null, "name": "anomaly_agent.phase_aware_handler", "message": "Escalating to SAFE_MODE due to thermal_fault (severity: 0.60, phase: NOMINAL_OPS)", "taskName": null}
{"timestamp": "2026-01-06T09:26:56.112678+00:00", "level": null, "name": "state_machine.state_engine", "message": "Forced transition to SAFE_MODE from NOMINAL_OPS", "taskName": null}
{"timestamp": "2026-01-06T09:26:56.112716+00:00", "level": null, "name": "anomaly_agent.phase_aware_handler", "message": "Escalation executed: Emergency transition to SAFE_MODE executed", "taskName": null}
.{"timestamp": "2026-01-06T09:26:56.113546+00:00", "level": null, "name": "config.mission_phase_policy_loader", "message": "Found policy config at: config/mission_phase_response_policy.yaml", "taskName": null}
{"timestamp": "2026-01-06T09:26:56.122674+00:00", "level": null, "name": "config.mission_phase_policy_loader", "message": "Loaded mission phase policy from config/mission_phase_response_policy.yaml", "taskName": null}
{"timestamp": "2026-01-06T09:26:56.122828+00:00", "level": null, "name": "config.mission_phase_policy_loader", "message": "Policy validated and merged with defaults", "taskName": null}
{"timestamp": "2026-01-06T09:26:56.123007+00:00", "level": null, "name": "state_machine.mission_phase_policy_engine", "message": "Policy engine initialized with 5 phases", "taskName": null}
{"timestamp": "2026-01-06T09:26:56.123079+00:00", "level": null, "name": "anomaly_agent.phase_aware_handler", "message": "Phase-aware anomaly handler initialized", "taskName": null}
{"timestamp": "2026-01-06T09:26:56.123477+00:00", "level": null, "name": "anomaly_agent.phase_aware_handler", "message": "Anomaly decision: {'timestamp': '2026-01-06T14:56:56.123411', 'decision_id': 'DECISION_1767691616123_91505', 'anomaly_type': 'thermal_fault', 'severity': 0.6, 'confidence': 0.8, 'mission_phase': 'NOMINAL_OPS', 'recommended_action': 'LOG_EVENT', 'escalation': False, 'recurrence_count': 1, 'reasoning': 'Anomaly type: thermal_fault | Severity: MEDIUM | Mission phase: NOMINAL_OPS | Allowed actions: LOG_EVENT, MONITOR, ALERT_ONLY, RESTART_SERVICE, THERMAL_REGULATION, POWER_LOAD_BALANCING, STABILIZATION, PING_GROUND, ISOLATE_SUBSYSTEM | Decision: Execute allowed response action'}", "taskName": null}
{"timestamp": "2026-01-06T09:26:56.123616+00:00", "level": null, "name": "anomaly_agent.phase_aware_handler", "message": "Anomaly decision: {'timestamp': '2026-01-06T14:56:56.123587', 'decision_id': 'DECISION_1767691616123_31537', 'anomaly_type': 'power_fault', 'severity': 0.6, 'confidence': 0.8, 'mission_phase': 'NOMINAL_OPS', 'recommended_action': 'LOG_EVENT', 'escalation': False, 'recurrence_count': 1, 'reasoning': 'Anomaly type: power_fault | Severity: MEDIUM | Mission phase: NOMINAL_OPS | Allowed actions: LOG_EVENT, MONITOR, ALERT_ONLY, RESTART_SERVICE, THERMAL_REGULATION, POWER_LOAD_BALANCING, STABILIZATION, PING_GROUND, ISOLATE_SUBSYSTEM | Decision: Execute allowed response action'}", "taskName": null}
.{"timestamp": "2026-01-06T09:26:56.124957+00:00", "level": null, "name": "config.mission_phase_policy_loader", "message": "Found policy config at: config/mission_phase_response_policy.yaml", "taskName": null}
{"timestamp": "2026-01-06T09:26:56.133254+00:00", "level": null, "name": "config.mission_phase_policy_loader", "message": "Loaded mission phase policy from config/mission_phase_response_policy.yaml", "taskName": null}
{"timestamp": "2026-01-06T09:26:56.133427+00:00", "level": null, "name": "config.mission_phase_policy_loader", "message": "Policy validated and merged with defaults", "taskName": null}
{"timestamp": "2026-01-06T09:26:56.133646+00:00", "level": null, "name": "state_machine.mission_phase_policy_engine", "message": "Policy engine initialized with 5 phases", "taskName": null}
{"timestamp": "2026-01-06T09:26:56.133735+00:00", "level": null, "name": "anomaly_agent.phase_aware_handler", "message": "Phase-aware anomaly handler initialized", "taskName": null}
{"timestamp": "2026-01-06T09:26:56.134418+00:00", "level": null, "name": "anomaly_agent.phase_aware_handler", "message": "Anomaly decision: {'timestamp': '2026-01-06T14:56:56.134351', 'decision_id': 'DECISION_1767691616134_91323', 'anomaly_type': 'thermal_fault', 'severity': 0.75, 'confidence': 0.9, 'mission_phase': 'NOMINAL_OPS', 'recommended_action': 'LOG_EVENT', 'escalation': False, 'recurrence_count': 1, 'reasoning': 'Anomaly type: thermal_fault | Severity: HIGH | Mission phase: NOMINAL_OPS | Allowed actions: LOG_EVENT, MONITOR, ALERT_ONLY, RESTART_SERVICE, THERMAL_REGULATION, POWER_LOAD_BALANCING, STABILIZATION, PING_GROUND, ISOLATE_SUBSYSTEM | Decision: Execute allowed response action'}", "taskName": null}
{"timestamp": "2026-01-06T09:26:56.134641+00:00", "level": null, "name": "anomaly_agent.phase_aware_handler", "message": "Anomaly decision: {'timestamp': '2026-01-06T14:56:56.134571', 'decision_id': 'DECISION_1767691616134_31776', 'anomaly_type': 'thermal_fault', 'severity': 0.75, 'confidence': 0.9, 'mission_phase': 'NOMINAL_OPS', 'recommended_action': 'LOG_EVENT', 'escalation': False, 'recurrence_count': 2, 'reasoning': 'Anomaly type: thermal_fault | Severity: HIGH | Mission phase: NOMINAL_OPS | Allowed actions: LOG_EVENT, MONITOR, ALERT_ONLY, RESTART_SERVICE, THERMAL_REGULATION, POWER_LOAD_BALANCING, STABILIZATION, PING_GROUND, ISOLATE_SUBSYSTEM | Decision: Execute allowed response action'}", "taskName": null}
.{"timestamp": "2026-01-06T09:26:56.136023+00:00", "level": null, "name": "config.mission_phase_policy_loader", "message": "Found policy config at: config/mission_phase_response_policy.yaml", "taskName": null}
{"timestamp": "2026-01-06T09:26:56.143512+00:00", "level": null, "name": "config.mission_phase_policy_loader", "message": "Loaded mission phase policy from config/mission_phase_response_policy.yaml", "taskName": null}
{"timestamp": "2026-01-06T09:26:56.143672+00:00", "level": null, "name": "config.mission_phase_policy_loader", "message": "Policy validated and merged with defaults", "taskName": null}
{"timestamp": "2026-01-06T09:26:56.143850+00:00", "level": null, "name": "state_machine.mission_phase_policy_engine", "message": "Policy engine initialized with 5 phases", "taskName": null}
{"timestamp": "2026-01-06T09:26:56.143908+00:00", "level": null, "name": "anomaly_agent.phase_aware_handler", "message": "Phase-aware anomaly handler initialized", "taskName": null}
{"timestamp": "2026-01-06T09:26:56.144394+00:00", "level": null, "name": "anomaly_agent.phase_aware_handler", "message": "Anomaly decision: {'timestamp': '2026-01-06T14:56:56.144275', 'decision_id': 'DECISION_1767691616144_27833', 'anomaly_type': 'attitude_fault', 'severity': 0.3, 'confidence': 0.8, 'mission_phase': 'NOMINAL_OPS', 'recommended_action': 'ALERT_ONLY', 'escalation': False, 'recurrence_count': 1, 'reasoning': 'Anomaly type: attitude_fault | Severity: LOW | Mission phase: NOMINAL_OPS | Automated response blocked by phase policy | Decision: Alert operators only'}", "taskName": null}
.{"timestamp": "2026-01-06T09:26:56.145718+00:00", "level": null, "name": "config.mission_phase_policy_loader", "message": "Found policy config at: config/mission_phase_response_policy.yaml", "taskName": null}
{"timestamp": "2026-01-06T09:26:56.153759+00:00", "level": null, "name": "config.mission_phase_policy_loader", "message": "Loaded mission phase policy from config/mission_phase_response_policy.yaml", "taskName": null}
{"timestamp": "2026-01-06T09:26:56.153916+00:00", "level": null, "name": "config.mission_phase_policy_loader", "message": "Policy validated and merged with defaults", "taskName": null}
{"timestamp": "2026-01-06T09:26:56.154250+00:00", "level": null, "name": "state_machine.mission_phase_policy_engine", "message": "Policy engine initialized with 5 phases", "taskName": null}
{"timestamp": "2026-01-06T09:26:56.154374+00:00", "level": null, "name": "anomaly_agent.phase_aware_handler", "message": "Phase-aware anomaly handler initialized", "taskName": null}
{"timestamp": "2026-01-06T09:26:56.154772+00:00", "level": null, "name": "anomaly_agent.phase_aware_handler", "message": "Anomaly decision: {'timestamp': '2026-01-06T14:56:56.154706', 'decision_id': 'DECISION_1767691616154_24256', 'anomaly_type': 'power_fault', 'severity': 0.92, 'confidence': 0.95, 'mission_phase': 'NOMINAL_OPS', 'recommended_action': 'ENTER_SAFE_MODE', 'escalation': True, 'recurrence_count': 1, 'reasoning': 'Anomaly type: power_fault | Severity: CRITICAL | Mission phase: NOMINAL_OPS | Allowed actions: LOG_EVENT, MONITOR, ALERT_ONLY, RESTART_SERVICE, THERMAL_REGULATION, POWER_LOAD_BALANCING, STABILIZATION, PING_GROUND, ISOLATE_SUBSYSTEM | Decision: Escalate to SAFE_MODE'}", "taskName": null}
{"timestamp": "2026-01-06T09:26:56.154868+00:00", "level": null, "name": "anomaly_agent.phase_aware_handler", "message": "Escalating to SAFE_MODE due to power_fault (severity: 0.92, phase: NOMINAL_OPS)", "taskName": null}
{"timestamp": "2026-01-06T09:26:56.154939+00:00", "level": null, "name": "state_machine.state_engine", "message": "Forced transition to SAFE_MODE from NOMINAL_OPS", "taskName": null}
{"timestamp": "2026-01-06T09:26:56.154998+00:00", "level": null, "name": "anomaly_agent.phase_aware_handler", "message": "Escalation executed: Emergency transition to SAFE_MODE executed", "taskName": null}
.{"timestamp": "2026-01-06T09:26:56.156436+00:00", "level": null, "name": "config.mission_phase_policy_loader", "message": "Found policy config at: config/mission_phase_response_policy.yaml", "taskName": null}
{"timestamp": "2026-01-06T09:26:56.163363+00:00", "level": null, "name": "config.mission_phase_policy_loader", "message": "Loaded mission phase policy from config/mission_phase_response_policy.yaml", "taskName": null}
{"timestamp": "2026-01-06T09:26:56.163522+00:00", "level": null, "name": "config.mission_phase_policy_loader", "message": "Policy validated and merged with defaults", "taskName": null}
{"timestamp": "2026-01-06T09:26:56.163743+00:00", "level": null, "name": "state_machine.mission_phase_policy_engine", "message": "Policy engine initialized with 5 phases", "taskName": null}
{"timestamp": "2026-01-06T09:26:56.163826+00:00", "level": null, "name": "anomaly_agent.phase_aware_handler", "message": "Phase-aware anomaly handler initialized", "taskName": null}
{"timestamp": "2026-01-06T09:26:56.164273+00:00", "level": null, "name": "state_machine.state_engine", "message": "Mission phase transitioned: NOMINAL_OPS \u2192 PAYLOAD_OPS", "taskName": null}
.{"timestamp": "2026-01-06T09:26:56.165409+00:00", "level": null, "name": "config.mission_phase_policy_loader", "message": "Found policy config at: config/mission_phase_response_policy.yaml", "taskName": null}
{"timestamp": "2026-01-06T09:26:56.171906+00:00", "level": null, "name": "config.mission_phase_policy_loader", "message": "Loaded mission phase policy from config/mission_phase_response_policy.yaml", "taskName": null}
{"timestamp": "2026-01-06T09:26:56.172010+00:00", "level": null, "name": "config.mission_phase_policy_loader", "message": "Policy validated and merged with defaults", "taskName": null}
{"timestamp": "2026-01-06T09:26:56.172143+00:00", "level": null, "name": "state_machine.mission_phase_policy_engine", "message": "Policy engine initialized with 5 phases", "taskName": null}
{"timestamp": "2026-01-06T09:26:56.172206+00:00", "level": null, "name": "anomaly_agent.phase_aware_handler", "message": "Phase-aware anomaly handler initialized", "taskName": null}
{"timestamp": "2026-01-06T09:26:56.172543+00:00", "level": null, "name": "anomaly_agent.phase_aware_handler", "message": "Anomaly decision: {'timestamp': '2026-01-06T14:56:56.172499', 'decision_id': 'DECISION_1767691616172_37311', 'anomaly_type': 'thermal_fault', 'severity': 0.6, 'confidence': 0.8, 'mission_phase': 'NOMINAL_OPS', 'recommended_action': 'LOG_EVENT', 'escalation': False, 'recurrence_count': 1, 'reasoning': 'Anomaly type: thermal_fault | Severity: MEDIUM | Mission phase: NOMINAL_OPS | Allowed actions: LOG_EVENT, MONITOR, ALERT_ONLY, RESTART_SERVICE, THERMAL_REGULATION, POWER_LOAD_BALANCING, STABILIZATION, PING_GROUND, ISOLATE_SUBSYSTEM | Decision: Execute allowed response action'}", "taskName": null}
.{"timestamp": "2026-01-06T09:26:56.173408+00:00", "level": null, "name": "config.mission_phase_policy_loader", "message": "Found policy config at: config/mission_phase_response_policy.yaml", "taskName": null}
{"timestamp": "2026-01-06T09:26:56.179928+00:00", "level": null, "name": "config.mission_phase_policy_loader", "message": "Loaded mission phase policy from config/mission_phase_response_policy.yaml", "taskName": null}
{"timestamp": "2026-01-06T09:26:56.180054+00:00", "level": null, "name": "config.mission_phase_policy_loader", "message": "Policy validated and merged with defaults", "taskName": null}
{"timestamp": "2026-01-06T09:26:56.180214+00:00", "level": null, "name": "state_machine.mission_phase_policy_engine", "message": "Policy engine initialized with 5 phases", "taskName": null}
{"timestamp": "2026-01-06T09:26:56.180307+00:00", "level": null, "name": "anomaly_agent.phase_aware_handler", "message": "Phase-aware anomaly handler initialized", "taskName": null}
{"timestamp": "2026-01-06T09:26:56.180665+00:00", "level": null, "name": "anomaly_agent.phase_aware_handler", "message": "Anomaly decision: {'timestamp': '2026-01-06T14:56:56.180606', 'decision_id': 'DECISION_1767691616180_49255', 'anomaly_type': 'fault1', 'severity': 0.5, 'confidence': 0.8, 'mission_phase': 'NOMINAL_OPS', 'recommended_action': 'LOG_EVENT', 'escalation': False, 'recurrence_count': 1, 'reasoning': 'Anomaly type: fault1 | Severity: MEDIUM | Mission phase: NOMINAL_OPS | Allowed actions: LOG_EVENT, MONITOR, ALERT_ONLY, RESTART_SERVICE, THERMAL_REGULATION, POWER_LOAD_BALANCING, STABILIZATION, PING_GROUND, ISOLATE_SUBSYSTEM | Decision: Execute allowed response action'}", "taskName": null}
{"timestamp": "2026-01-06T09:26:56.180765+00:00", "level": null, "name": "state_machine.state_engine", "message": "Mission phase transitioned: NOMINAL_OPS \u2192 PAYLOAD_OPS", "taskName": null}
{"timestamp": "2026-01-06T09:26:56.180876+00:00", "level": null, "name": "anomaly_agent.phase_aware_handler", "message": "Anomaly decision: {'timestamp': '2026-01-06T14:56:56.180841', 'decision_id': 'DECISION_1767691616180_42593', 'anomaly_type': 'fault2', 'severity': 0.5, 'confidence': 0.8, 'mission_phase': 'PAYLOAD_OPS', 'recommended_action': 'LOG_EVENT', 'escalation': False, 'recurrence_count': 1, 'reasoning': 'Anomaly type: fault2 | Severity: MEDIUM | Mission phase: PAYLOAD_OPS | Allowed actions: LOG_EVENT, MONITOR, ALERT_ONLY, RESTART_SERVICE, THERMAL_REGULATION, POWER_LOAD_BALANCING, PAYLOAD_OPERATIONS, HIGH_POWER_TRANSMISSION, PING_GROUND | Decision: Execute allowed response action'}", "taskName": null}
.{"timestamp": "2026-01-06T09:26:56.181859+00:00", "level": null, "name": "config.mission_phase_policy_loader", "message": "Found policy config at: config/mission_phase_response_policy.yaml", "taskName": null}
{"timestamp": "2026-01-06T09:26:56.188278+00:00", "level": null, "name": "config.mission_phase_policy_loader", "message": "Loaded mission phase policy from config/mission_phase_response_policy.yaml", "taskName": null}
{"timestamp": "2026-01-06T09:26:56.188380+00:00", "level": null, "name": "config.mission_phase_policy_loader", "message": "Policy validated and merged with defaults", "taskName": null}
{"timestamp": "2026-01-06T09:26:56.188511+00:00", "level": null, "name": "state_machine.mission_phase_policy_engine", "message": "Policy engine initialized with 5 phases", "taskName": null}
{"timestamp": "2026-01-06T09:26:56.188575+00:00", "level": null, "name": "anomaly_agent.phase_aware_handler", "message": "Phase-aware anomaly handler initialized", "taskName": null}
{"timestamp": "2026-01-06T09:26:56.188864+00:00", "level": null, "name": "anomaly_agent.phase_aware_handler", "message": "Anomaly decision: {'timestamp': '2026-01-06T14:56:56.188814', 'decision_id': 'DECISION_1767691616188_51104', 'anomaly_type': 'critical_fault', 'severity': 0.95, 'confidence': 0.99, 'mission_phase': 'NOMINAL_OPS', 'recommended_action': 'ENTER_SAFE_MODE', 'escalation': True, 'recurrence_count': 1, 'reasoning': 'Anomaly type: critical_fault | Severity: CRITICAL | Mission phase: NOMINAL_OPS | Allowed actions: LOG_EVENT, MONITOR, ALERT_ONLY, RESTART_SERVICE, THERMAL_REGULATION, POWER_LOAD_BALANCING, STABILIZATION, PING_GROUND, ISOLATE_SUBSYSTEM | Decision: Escalate to SAFE_MODE'}", "taskName": null}
{"timestamp": "2026-01-06T09:26:56.188944+00:00", "level": null, "name": "anomaly_agent.phase_aware_handler", "message": "Escalating to SAFE_MODE due to critical_fault (severity: 0.95, phase: NOMINAL_OPS)", "taskName": null}
{"timestamp": "2026-01-06T09:26:56.189003+00:00", "level": null, "name": "state_machine.state_engine", "message": "Forced transition to SAFE_MODE from NOMINAL_OPS", "taskName": null}
{"timestamp": "2026-01-06T09:26:56.189038+00:00", "level": null, "name": "anomaly_agent.phase_aware_handler", "message": "Escalation executed: Emergency transition to SAFE_MODE executed", "taskName": null}
.{"timestamp": "2026-01-06T09:26:56.189882+00:00", "level": null, "name": "config.mission_phase_policy_loader", "message": "Found policy config at: config/mission_phase_response_policy.yaml", "taskName": null}
{"timestamp": "2026-01-06T09:26:56.196481+00:00", "level": null, "name": "config.mission_phase_policy_loader", "message": "Loaded mission phase policy from config/mission_phase_response_policy.yaml", "taskName": null}
{"timestamp": "2026-01-06T09:26:56.196621+00:00", "level": null, "name": "config.mission_phase_policy_loader", "message": "Policy validated and merged with defaults", "taskName": null}
{"timestamp": "2026-01-06T09:26:56.196779+00:00", "level": null, "name": "state_machine.mission_phase_policy_engine", "message": "Policy engine initialized with 5 phases", "taskName": null}
{"timestamp": "2026-01-06T09:26:56.196857+00:00", "level": null, "name": "anomaly_agent.phase_aware_handler", "message": "Phase-aware anomaly handler initialized", "taskName": null}
{"timestamp": "2026-01-06T09:26:56.197213+00:00", "level": null, "name": "anomaly_agent.phase_aware_handler", "message": "Anomaly decision: {'timestamp': '2026-01-06T14:56:56.197143', 'decision_id': 'DECISION_1767691616197_05344', 'anomaly_type': 'fault_0', 'severity': 0.5, 'confidence': 0.8, 'mission_phase': 'NOMINAL_OPS', 'recommended_action': 'LOG_EVENT', 'escalation': False, 'recurrence_count': 1, 'reasoning': 'Anomaly type: fault_0 | Severity: MEDIUM | Mission phase: NOMINAL_OPS | Allowed actions: LOG_EVENT, MONITOR, ALERT_ONLY, RESTART_SERVICE, THERMAL_REGULATION, POWER_LOAD_BALANCING, STABILIZATION, PING_GROUND, ISOLATE_SUBSYSTEM | Decision: Execute allowed response action'}", "taskName": null}
{"timestamp": "2026-01-06T09:26:56.197367+00:00", "level": null, "name": "anomaly_agent.phase_aware_handler", "message": "Anomaly decision: {'timestamp': '2026-01-06T14:56:56.197333', 'decision_id': 'DECISION_1767691616197_32170', 'anomaly_type': 'fault_1', 'severity': 0.6, 'confidence': 0.8, 'mission_phase': 'NOMINAL_OPS', 'recommended_action': 'LOG_EVENT', 'escalation': False, 'recurrence_count': 1, 'reasoning': 'Anomaly type: fault_1 | Severity: MEDIUM | Mission phase: NOMINAL_OPS | Allowed actions: LOG_EVENT, MONITOR, ALERT_ONLY, RESTART_SERVICE, THERMAL_REGULATION, POWER_LOAD_BALANCING, STABILIZATION, PING_GROUND, ISOLATE_SUBSYSTEM | Decision: Execute allowed response action'}", "taskName": null}
{"timestamp": "2026-01-06T09:26:56.197472+00:00", "level": null, "name": "anomaly_agent.phase_aware_handler", "message": "Anomaly decision: {'timestamp': '2026-01-06T14:56:56.197445', 'decision_id': 'DECISION_1767691616197_64118', 'anomaly_type': 'fault_2', 'severity': 0.7, 'confidence': 0.8, 'mission_phase': 'NOMINAL_OPS', 'recommended_action': 'LOG_EVENT', 'escalation': False, 'recurrence_count': 1, 'reasoning': 'Anomaly type: fault_2 | Severity: HIGH | Mission phase: NOMINAL_OPS | Allowed actions: LOG_EVENT, MONITOR, ALERT_ONLY, RESTART_SERVICE, THERMAL_REGULATION, POWER_LOAD_BALANCING, STABILIZATION, PING_GROUND, ISOLATE_SUBSYSTEM | Decision: Execute allowed response action'}", "taskName": null}
{"timestamp": "2026-01-06T09:26:56.197564+00:00", "level": null, "name": "anomaly_agent.phase_aware_handler", "message": "Anomaly decision: {'timestamp': '2026-01-06T14:56:56.197531', 'decision_id': 'DECISION_1767691616197_95399', 'anomaly_type': 'fault_3', 'severity': 0.8, 'confidence': 0.8, 'mission_phase': 'NOMINAL_OPS', 'recommended_action': 'LOG_EVENT', 'escalation': False, 'recurrence_count': 1, 'reasoning': 'Anomaly type: fault_3 | Severity: HIGH | Mission phase: NOMINAL_OPS | Allowed actions: LOG_EVENT, MONITOR, ALERT_ONLY, RESTART_SERVICE, THERMAL_REGULATION, POWER_LOAD_BALANCING, STABILIZATION, PING_GROUND, ISOLATE_SUBSYSTEM | Decision: Execute allowed response action'}", "taskName": null}
{"timestamp": "2026-01-06T09:26:56.197654+00:00", "level": null, "name": "anomaly_agent.phase_aware_handler", "message": "Anomaly decision: {'timestamp': '2026-01-06T14:56:56.197630', 'decision_id': 'DECISION_1767691616197_49274', 'anomaly_type': 'fault_4', 'severity': 0.9, 'confidence': 0.8, 'mission_phase': 'NOMINAL_OPS', 'recommended_action': 'ENTER_SAFE_MODE', 'escalation': True, 'recurrence_count': 1, 'reasoning': 'Anomaly type: fault_4 | Severity: CRITICAL | Mission phase: NOMINAL_OPS | Allowed actions: LOG_EVENT, MONITOR, ALERT_ONLY, RESTART_SERVICE, THERMAL_REGULATION, POWER_LOAD_BALANCING, STABILIZATION, PING_GROUND, ISOLATE_SUBSYSTEM | Decision: Escalate to SAFE_MODE'}", "taskName": null}
{"timestamp": "2026-01-06T09:26:56.197721+00:00", "level": null, "name": "anomaly_agent.phase_aware_handler", "message": "Escalating to SAFE_MODE due to fault_4 (severity: 0.90, phase: NOMINAL_OPS)", "taskName": null}
{"timestamp": "2026-01-06T09:26:56.197784+00:00", "level": null, "name": "state_machine.state_engine", "message": "Forced transition to SAFE_MODE from NOMINAL_OPS", "taskName": null}
{"timestamp": "2026-01-06T09:26:56.197833+00:00", "level": null, "name": "anomaly_agent.phase_aware_handler", "message": "Escalation executed: Emergency transition to SAFE_MODE executed", "taskName": null}
.{"timestamp": "2026-01-06T09:26:56.198841+00:00", "level": null, "name": "config.mission_phase_policy_loader", "message": "Found policy config at: config/mission_phase_response_policy.yaml", "taskName": null}
{"timestamp": "2026-01-06T09:26:56.205640+00:00", "level": null, "name": "config.mission_phase_policy_loader", "message": "Loaded mission phase policy from config/mission_phase_response_policy.yaml", "taskName": null}
{"timestamp": "2026-01-06T09:26:56.205788+00:00", "level": null, "name": "config.mission_phase_policy_loader", "message": "Policy validated and merged with defaults", "taskName": null}
{"timestamp": "2026-01-06T09:26:56.205952+00:00", "level": null, "name": "state_machine.mission_phase_policy_engine", "message": "Policy engine initialized with 5 phases", "taskName": null}
{"timestamp": "2026-01-06T09:26:56.206010+00:00", "level": null, "name": "anomaly_agent.phase_aware_handler", "message": "Phase-aware anomaly handler initialized", "taskName": null}
.{"timestamp": "2026-01-06T09:26:56.207198+00:00", "level": null, "name": "config.mission_phase_policy_loader", "message": "Found policy config at: config/mission_phase_response_policy.yaml", "taskName": null}
{"timestamp": "2026-01-06T09:26:56.215168+00:00", "level": null, "name": "config.mission_phase_policy_loader", "message": "Loaded mission phase policy from config/mission_phase_response_policy.yaml", "taskName": null}
{"timestamp": "2026-01-06T09:26:56.215376+00:00", "level": null, "name": "config.mission_phase_policy_loader", "message": "Policy validated and merged with defaults", "taskName": null}
{"timestamp": "2026-01-06T09:26:56.215605+00:00", "level": null, "name": "state_machine.mission_phase_policy_engine", "message": "Policy engine initialized with 5 phases", "taskName": null}
{"timestamp": "2026-01-06T09:26:56.215681+00:00", "level": null, "name": "anomaly_agent.phase_aware_handler", "message": "Phase-aware anomaly handler initialized", "taskName": null}
.
tests\test_policy\test_feedback_updater.py ...................
tests\test_recovery_orchestrator.py ...{"timestamp": "2026-01-06T09:26:56.260664+00:00", "level": null, "name": "backend.recovery_orchestrator", "message": "RecoveryOrchestrator initialized", "taskName": null}
.{"timestamp": "2026-01-06T09:26:56.268283+00:00", "level": null, "name": "backend.recovery_orchestrator", "message": "RecoveryOrchestrator initialized", "taskName": null}
{"timestamp": "2026-01-06T09:26:56.287229+00:00", "level": null, "name": "backend.recovery_orchestrator", "message": "Circuit OPEN for 400s (threshold: 300s) - triggering recovery", "taskName": "Task-1011"}
.{"timestamp": "2026-01-06T09:26:56.293949+00:00", "level": null, "name": "backend.recovery_orchestrator", "message": "RecoveryOrchestrator initialized", "taskName": null}
.{"timestamp": "2026-01-06T09:26:56.300115+00:00", "level": null, "name": "backend.recovery_orchestrator", "message": "RecoveryOrchestrator initialized", "taskName": null}
.{"timestamp": "2026-01-06T09:26:56.327064+00:00", "level": null, "name": "backend.recovery_orchestrator", "message": "RecoveryOrchestrator initialized", "taskName": null}
{"timestamp": "2026-01-06T09:26:56.329863+00:00", "level": null, "name": "backend.recovery_orchestrator", "message": "High retry failures (75 in 1h, threshold: 50) - triggering cache purge", "taskName": "Task-1020"}
.{"timestamp": "2026-01-06T09:26:56.337524+00:00", "level": null, "name": "backend.recovery_orchestrator", "message": "RecoveryOrchestrator initialized", "taskName": null}
.{"timestamp": "2026-01-06T09:26:56.378298+00:00", "level": null, "name": "backend.recovery_orchestrator", "message": "RecoveryOrchestrator initialized", "taskName": null}
{"timestamp": "2026-01-06T09:26:56.382948+00:00", "level": null, "name": "backend.recovery_orchestrator", "message": "Multiple component failures (2, threshold: 2) - activating safe mode", "taskName": "Task-1026"}
.{"timestamp": "2026-01-06T09:26:56.393457+00:00", "level": null, "name": "backend.recovery_orchestrator", "message": "RecoveryOrchestrator initialized", "taskName": null}
{"timestamp": "2026-01-06T09:26:56.396505+00:00", "level": null, "name": "backend.recovery_orchestrator", "message": "\ud83d\udd04 Restarting model loader...", "taskName": "Task-1029"}
{"timestamp": "2026-01-06T09:26:56.906385+00:00", "level": null, "name": "backend.recovery_orchestrator", "message": "\u2713 Model loader restarted successfully", "taskName": "Task-1029"}
.{"timestamp": "2026-01-06T09:26:56.914604+00:00", "level": null, "name": "backend.recovery_orchestrator", "message": "RecoveryOrchestrator initialized", "taskName": null}
{"timestamp": "2026-01-06T09:26:56.918287+00:00", "level": null, "name": "backend.recovery_orchestrator", "message": "\ud83e\uddf9 Purging cache and scaling memory pools...", "taskName": "Task-1032"}
{"timestamp": "2026-01-06T09:26:57.918956+00:00", "level": null, "name": "backend.recovery_orchestrator", "message": "\u2713 Cache purged, memory pools scaled", "taskName": "Task-1032"}
.{"timestamp": "2026-01-06T09:26:57.928194+00:00", "level": null, "name": "backend.recovery_orchestrator", "message": "RecoveryOrchestrator initialized", "taskName": null}
{"timestamp": "2026-01-06T09:26:57.929983+00:00", "level": null, "name": "backend.recovery_orchestrator", "message": "\ud83d\udee1\ufe0f  Activating safe mode...", "taskName": "Task-1035"}
{"timestamp": "2026-01-06T09:26:57.930631+00:00", "level": null, "name": "backend.recovery_orchestrator", "message": "\u2713 Safe mode activated", "taskName": "Task-1035"}
.{"timestamp": "2026-01-06T09:26:57.935479+00:00", "level": null, "name": "backend.recovery_orchestrator", "message": "RecoveryOrchestrator initialized", "taskName": null}
{"timestamp": "2026-01-06T09:26:57.937881+00:00", "level": null, "name": "backend.recovery_orchestrator", "message": "\u25b6\ufe0f  Executing recovery action: circuit_restart (reason: test)", "taskName": "Task-1038"}
{"timestamp": "2026-01-06T09:26:57.938021+00:00", "level": null, "name": "backend.recovery_orchestrator", "message": "\ud83d\udd04 Restarting model loader...", "taskName": "Task-1038"}
{"timestamp": "2026-01-06T09:26:58.451201+00:00", "level": null, "name": "backend.recovery_orchestrator", "message": "\u2713 Model loader restarted successfully", "taskName": "Task-1038"}
{"timestamp": "2026-01-06T09:26:58.451492+00:00", "level": null, "name": "backend.recovery_orchestrator", "message": "\u2705 Recovery action succeeded: circuit_restart (0.5s)", "taskName": "Task-1038"}
.{"timestamp": "2026-01-06T09:26:58.458301+00:00", "level": null, "name": "backend.recovery_orchestrator", "message": "RecoveryOrchestrator initialized", "taskName": null}
{"timestamp": "2026-01-06T09:26:58.483440+00:00", "level": null, "name": "backend.recovery_orchestrator", "message": "\u25b6\ufe0f  Executing recovery action: circuit_restart (reason: test)", "taskName": "Task-1041"}
{"timestamp": "2026-01-06T09:26:58.483660+00:00", "level": null, "name": "backend.recovery_orchestrator", "message": "\ud83d\udd04 Restarting model loader...", "taskName": "Task-1041"}
{"timestamp": "2026-01-06T09:26:58.993750+00:00", "level": null, "name": "backend.recovery_orchestrator", "message": "\u2713 Model loader restarted successfully", "taskName": "Task-1041"}
{"timestamp": "2026-01-06T09:26:58.994074+00:00", "level": null, "name": "backend.recovery_orchestrator", "message": "\u2705 Recovery action succeeded: circuit_restart (0.5s)", "taskName": "Task-1041"}
.{"timestamp": "2026-01-06T09:26:58.998886+00:00", "level": null, "name": "backend.recovery_orchestrator", "message": "RecoveryOrchestrator initialized", "taskName": null}
{"timestamp": "2026-01-06T09:26:59.010543+00:00", "level": null, "name": "backend.recovery_orchestrator", "message": "\u25b6\ufe0f  Executing recovery action: circuit_restart (reason: test)", "taskName": "Task-1044"}
{"timestamp": "2026-01-06T09:26:59.010756+00:00", "level": null, "name": "backend.recovery_orchestrator", "message": "\u274c Recovery action failed: circuit_restart - Action failed", "exc_info": "Traceback (most recent call last):\n  File \"D:\\Elite_Coders\\AstraGuard-AI\\backend\\recovery_orchestrator.py\", line 382, in _execute_action\n    await handler()\n  File \"D:\\Elite_Coders\\AstraGuard-AI\\tests\\test_recovery_orchestrator.py\", line 314, in failing_action\n    raise RuntimeError(\"Action failed\")\nRuntimeError: Action failed", "taskName": "Task-1044"}
.{"timestamp": "2026-01-06T09:26:59.017081+00:00", "level": null, "name": "backend.recovery_orchestrator", "message": "RecoveryOrchestrator initialized", "taskName": null}
.{"timestamp": "2026-01-06T09:26:59.020706+00:00", "level": null, "name": "backend.recovery_orchestrator", "message": "RecoveryOrchestrator initialized", "taskName": null}
.{"timestamp": "2026-01-06T09:26:59.024158+00:00", "level": null, "name": "backend.recovery_orchestrator", "message": "RecoveryOrchestrator initialized", "taskName": null}
.{"timestamp": "2026-01-06T09:26:59.028191+00:00", "level": null, "name": "backend.recovery_orchestrator", "message": "RecoveryOrchestrator initialized", "taskName": null}
.{"timestamp": "2026-01-06T09:26:59.034353+00:00", "level": null, "name": "backend.recovery_orchestrator", "message": "RecoveryOrchestrator initialized", "taskName": null}
.{"timestamp": "2026-01-06T09:26:59.043134+00:00", "level": null, "name": "backend.recovery_orchestrator", "message": "RecoveryOrchestrator initialized", "taskName": null}
{"timestamp": "2026-01-06T09:26:59.057522+00:00", "level": null, "name": "backend.recovery_orchestrator", "message": "Error in recovery cycle: Mock error", "exc_info": "Traceback (most recent call last):\n  File \"D:\\Elite_Coders\\AstraGuard-AI\\backend\\recovery_orchestrator.py\", line 258, in _recovery_cycle\n    state = await self.health_monitor.get_comprehensive_state()\n            ^^^^^^^^^^^^^^^^^^^^^^^^^^^^^^^^^^^^^^^^^^^^^^^^^^^\n  File \"C:\\Program Files\\WindowsApps\\PythonSoftwareFoundation.Python.3.13_3.13.2544.0_x64__qbz5n2kfra8p0\\Lib\\unittest\\mock.py\", line 2321, in _execute_mock_call\n    raise effect\nException: Mock error", "taskName": "Task-1050"}
.{"timestamp": "2026-01-06T09:26:59.063029+00:00", "level": null, "name": "backend.recovery_orchestrator", "message": "RecoveryOrchestrator initialized", "taskName": null}
.{"timestamp": "2026-01-06T09:26:59.066636+00:00", "level": null, "name": "backend.recovery_orchestrator", "message": "RecoveryOrchestrator initialized", "taskName": null}
.{"timestamp": "2026-01-06T09:26:59.069781+00:00", "level": null, "name": "backend.recovery_orchestrator", "message": "RecoveryOrchestrator initialized", "taskName": null}
.{"timestamp": "2026-01-06T09:26:59.073587+00:00", "level": null, "name": "backend.recovery_orchestrator", "message": "RecoveryOrchestrator initialized", "taskName": null}
{"timestamp": "2026-01-06T09:26:59.088594+00:00", "level": null, "name": "backend.recovery_orchestrator", "message": "Recovery orchestrator disabled via config", "taskName": "Task-1053"}
.{"timestamp": "2026-01-06T09:26:59.092644+00:00", "level": null, "name": "backend.recovery_orchestrator", "message": "RecoveryOrchestrator initialized", "taskName": null}
{"timestamp": "2026-01-06T09:26:59.103785+00:00", "level": null, "name": "backend.recovery_orchestrator", "message": "\ud83d\ude80 Recovery Orchestrator started (interval: 0.1s)", "taskName": "Task-1056"}
{"timestamp": "2026-01-06T09:26:59.214254+00:00", "level": null, "name": "backend.recovery_orchestrator", "message": "Recovery Orchestrator stop requested", "taskName": "Task-1056"}
.{"timestamp": "2026-01-06T09:26:59.331655+00:00", "level": null, "name": "backend.recovery_orchestrator", "message": "RecoveryOrchestrator initialized", "taskName": null}
{"timestamp": "2026-01-06T09:26:59.333632+00:00", "level": null, "name": "backend.recovery_orchestrator", "message": "\ud83d\ude80 Recovery Orchestrator started (interval: 30s)", "taskName": "Task-1060"}
{"timestamp": "2026-01-06T09:26:59.447228+00:00", "level": null, "name": "backend.recovery_orchestrator", "message": "Recovery Orchestrator stop requested", "taskName": "Task-1059"}
{"timestamp": "2026-01-06T09:26:59.648296+00:00", "level": null, "name": "backend.recovery_orchestrator", "message": "Recovery Orchestrator stopped", "taskName": "Task-1060"}
.{"timestamp": "2026-01-06T09:26:59.654339+00:00", "level": null, "name": "backend.recovery_orchestrator", "message": "RecoveryOrchestrator initialized", "taskName": null}
{"timestamp": "2026-01-06T09:26:59.655770+00:00", "level": null, "name": "backend.recovery_orchestrator", "message": "Circuit OPEN for 400s (threshold: 300s) - triggering recovery", "taskName": "Task-1063"}
{"timestamp": "2026-01-06T09:26:59.655881+00:00", "level": null, "name": "backend.recovery_orchestrator", "message": "\u25b6\ufe0f  Executing recovery action: circuit_restart (reason: open_duration=400s)", "taskName": "Task-1063"}
{"timestamp": "2026-01-06T09:26:59.655936+00:00", "level": null, "name": "backend.recovery_orchestrator", "message": "\ud83d\udd04 Restarting model loader...", "taskName": "Task-1063"}
{"timestamp": "2026-01-06T09:27:00.159784+00:00", "level": null, "name": "backend.recovery_orchestrator", "message": "\u2713 Model loader restarted successfully", "taskName": "Task-1063"}
{"timestamp": "2026-01-06T09:27:00.160059+00:00", "level": null, "name": "backend.recovery_orchestrator", "message": "\u2705 Recovery action succeeded: circuit_restart (0.5s)", "taskName": "Task-1063"}
.{"timestamp": "2026-01-06T09:27:00.164962+00:00", "level": null, "name": "backend.recovery_orchestrator", "message": "RecoveryOrchestrator initialized", "taskName": null}
{"timestamp": "2026-01-06T09:27:00.166602+00:00", "level": null, "name": "backend.recovery_orchestrator", "message": "Circuit OPEN for 400s (threshold: 300s) - triggering recovery", "taskName": "Task-1066"}
{"timestamp": "2026-01-06T09:27:00.166750+00:00", "level": null, "name": "backend.recovery_orchestrator", "message": "\u25b6\ufe0f  Executing recovery action: circuit_restart (reason: open_duration=400s)", "taskName": "Task-1066"}
{"timestamp": "2026-01-06T09:27:00.166840+00:00", "level": null, "name": "backend.recovery_orchestrator", "message": "\ud83d\udd04 Restarting model loader...", "taskName": "Task-1066"}
{"timestamp": "2026-01-06T09:27:00.680734+00:00", "level": null, "name": "backend.recovery_orchestrator", "message": "\u2713 Model loader restarted successfully", "taskName": "Task-1066"}
{"timestamp": "2026-01-06T09:27:00.681323+00:00", "level": null, "name": "backend.recovery_orchestrator", "message": "\u2705 Recovery action succeeded: circuit_restart (0.5s)", "taskName": "Task-1066"}
{"timestamp": "2026-01-06T09:27:00.681514+00:00", "level": null, "name": "backend.recovery_orchestrator", "message": "High retry failures (75 in 1h, threshold: 50) - triggering cache purge", "taskName": "Task-1066"}
{"timestamp": "2026-01-06T09:27:00.681846+00:00", "level": null, "name": "backend.recovery_orchestrator", "message": "\u25b6\ufe0f  Executing recovery action: cache_purge (reason: failures_1h=75)", "taskName": "Task-1066"}
{"timestamp": "2026-01-06T09:27:00.682024+00:00", "level": null, "name": "backend.recovery_orchestrator", "message": "\ud83e\uddf9 Purging cache and scaling memory pools...", "taskName": "Task-1066"}
{"timestamp": "2026-01-06T09:27:01.685421+00:00", "level": null, "name": "backend.recovery_orchestrator", "message": "\u2713 Cache purged, memory pools scaled", "taskName": "Task-1066"}
{"timestamp": "2026-01-06T09:27:01.685939+00:00", "level": null, "name": "backend.recovery_orchestrator", "message": "\u2705 Recovery action succeeded: cache_purge (1.0s)", "taskName": "Task-1066"}
.{"timestamp": "2026-01-06T09:27:01.704292+00:00", "level": null, "name": "backend.recovery_orchestrator", "message": "RecoveryOrchestrator initialized", "taskName": "Task-1069"}
.{"timestamp": "2026-01-06T09:27:01.709352+00:00", "level": null, "name": "backend.recovery_orchestrator", "message": "RecoveryOrchestrator initialized", "taskName": null}
.{"timestamp": "2026-01-06T09:27:01.737978+00:00", "level": null, "name": "backend.recovery_orchestrator", "message": "RecoveryOrchestrator initialized", "taskName": null}
.{"timestamp": "2026-01-06T09:27:01.743215+00:00", "level": null, "name": "backend.recovery_orchestrator", "message": "RecoveryOrchestrator initialized", "taskName": null}
.
tests\test_recovery_orchestrator_enhanced.py {"timestamp": "2026-01-06T09:27:01.753893+00:00", "level": null, "name": "backend.recovery_orchestrator_enhanced", "message": "EnhancedRecoveryOrchestrator initialized (dry_run: False)", "taskName": null}
{"timestamp": "2026-01-06T09:27:01.755271+00:00", "level": null, "name": "backend.recovery_orchestrator_enhanced", "message": "Anomaly queued for recovery: power_fault (severity: 0.50, confidence: 0.90)", "taskName": "Task-1078"}
.{"timestamp": "2026-01-06T09:27:01.765999+00:00", "level": null, "name": "backend.recovery_orchestrator_enhanced", "message": "EnhancedRecoveryOrchestrator initialized (dry_run: False)", "taskName": null}
{"timestamp": "2026-01-06T09:27:01.767394+00:00", "level": null, "name": "backend.recovery_orchestrator_enhanced", "message": "Anomaly queued for recovery: power_fault (severity: 0.80, confidence: 0.90)", "taskName": "Task-1081"}
{"timestamp": "2026-01-06T09:27:01.767503+00:00", "level": null, "name": "backend.recovery_orchestrator_enhanced", "message": "Recovery triggered for power_fault (severity: 0.80 >= 0.7)", "taskName": "Task-1081"}
{"timestamp": "2026-01-06T09:27:01.767557+00:00", "level": null, "name": "backend.recovery_orchestrator_enhanced", "message": "\u25b6\ufe0f  Executing escalation chain for power_fault (1 steps)", "taskName": "Task-1081"}
{"timestamp": "2026-01-06T09:27:01.767673+00:00", "level": null, "name": "backend.recovery_orchestrator_enhanced", "message": "\u25b6\ufe0f  Executing recovery action: reduce_power_load (reason: power_fault (severity=0.80, step=1/1))", "taskName": "Task-1081"}
{"timestamp": "2026-01-06T09:27:01.767770+00:00", "level": null, "name": "backend.recovery_orchestrator_enhanced", "message": "\u26a1 Reducing power load by 30% on subsystems: ['PAYLOAD']", "taskName": "Task-1081"}
{"timestamp": "2026-01-06T09:27:02.274658+00:00", "level": null, "name": "backend.recovery_orchestrator_enhanced", "message": "\u2713 Power load reduced successfully", "taskName": "Task-1081"}
{"timestamp": "2026-01-06T09:27:02.274869+00:00", "level": null, "name": "backend.recovery_orchestrator_enhanced", "message": "\u2705 Recovery action succeeded: reduce_power_load (0.5s)", "taskName": "Task-1081"}
.{"timestamp": "2026-01-06T09:27:04.302500+00:00", "level": null, "name": "backend.recovery_orchestrator_enhanced", "message": "EnhancedRecoveryOrchestrator initialized (dry_run: False)", "taskName": null}
{"timestamp": "2026-01-06T09:27:04.304382+00:00", "level": null, "name": "backend.recovery_orchestrator_enhanced", "message": "Anomaly queued for recovery: power_fault (severity: 0.70, confidence: 0.90)", "taskName": "Task-1084"}
{"timestamp": "2026-01-06T09:27:04.304617+00:00", "level": null, "name": "backend.recovery_orchestrator_enhanced", "message": "Recovery triggered for power_fault (severity: 0.70 >= 0.7)", "taskName": "Task-1084"}
{"timestamp": "2026-01-06T09:27:04.305053+00:00", "level": null, "name": "backend.recovery_orchestrator_enhanced", "message": "\u25b6\ufe0f  Executing escalation chain for power_fault (1 steps)", "taskName": "Task-1084"}
{"timestamp": "2026-01-06T09:27:04.306129+00:00", "level": null, "name": "backend.recovery_orchestrator_enhanced", "message": "\u25b6\ufe0f  Executing recovery action: reduce_power_load (reason: power_fault (severity=0.70, step=1/1))", "taskName": "Task-1084"}
{"timestamp": "2026-01-06T09:27:04.306323+00:00", "level": null, "name": "backend.recovery_orchestrator_enhanced", "message": "\u26a1 Reducing power load by 30% on subsystems: ['PAYLOAD']", "taskName": "Task-1084"}
{"timestamp": "2026-01-06T09:27:04.817805+00:00", "level": null, "name": "backend.recovery_orchestrator_enhanced", "message": "\u2713 Power load reduced successfully", "taskName": "Task-1084"}
{"timestamp": "2026-01-06T09:27:04.818226+00:00", "level": null, "name": "backend.recovery_orchestrator_enhanced", "message": "\u2705 Recovery action succeeded: reduce_power_load (0.5s)", "taskName": "Task-1084"}
.{"timestamp": "2026-01-06T09:27:06.840638+00:00", "level": null, "name": "backend.recovery_orchestrator_enhanced", "message": "EnhancedRecoveryOrchestrator initialized (dry_run: False)", "taskName": null}
{"timestamp": "2026-01-06T09:27:06.842095+00:00", "level": null, "name": "backend.recovery_orchestrator_enhanced", "message": "Anomaly queued for recovery: thermal_fault (severity: 0.70, confidence: 0.90)", "taskName": "Task-1087"}
{"timestamp": "2026-01-06T09:27:06.842193+00:00", "level": null, "name": "backend.recovery_orchestrator_enhanced", "message": "Recovery triggered for thermal_fault (severity: 0.70 >= 0.6)", "taskName": "Task-1087"}
{"timestamp": "2026-01-06T09:27:06.842242+00:00", "level": null, "name": "backend.recovery_orchestrator_enhanced", "message": "\u25b6\ufe0f  Executing escalation chain for thermal_fault (2 steps)", "taskName": "Task-1087"}
{"timestamp": "2026-01-06T09:27:06.842345+00:00", "level": null, "name": "backend.recovery_orchestrator_enhanced", "message": "\u25b6\ufe0f  Executing recovery action: activate_cooling (reason: thermal_fault (severity=0.70, step=1/2))", "taskName": "Task-1087"}
{"timestamp": "2026-01-06T09:27:06.842443+00:00", "level": null, "name": "backend.recovery_orchestrator_enhanced", "message": "\u2744\ufe0f  Activating cooling (duty: 80%, target: 35\u00b0C)", "taskName": "Task-1087"}
{"timestamp": "2026-01-06T09:27:07.346901+00:00", "level": null, "name": "backend.recovery_orchestrator_enhanced", "message": "\u2713 Cooling activated successfully", "taskName": "Task-1087"}
{"timestamp": "2026-01-06T09:27:07.347132+00:00", "level": null, "name": "backend.recovery_orchestrator_enhanced", "message": "\u2705 Recovery action succeeded: activate_cooling (0.5s)", "taskName": "Task-1087"}
.{"timestamp": "2026-01-06T09:27:09.377306+00:00", "level": null, "name": "backend.recovery_orchestrator_enhanced", "message": "EnhancedRecoveryOrchestrator initialized (dry_run: False)", "taskName": null}
{"timestamp": "2026-01-06T09:27:09.380562+00:00", "level": null, "name": "backend.recovery_orchestrator_enhanced", "message": "Anomaly queued for recovery: thermal_fault (severity: 0.90, confidence: 0.90)", "taskName": "Task-1090"}
{"timestamp": "2026-01-06T09:27:09.380859+00:00", "level": null, "name": "backend.recovery_orchestrator_enhanced", "message": "Recovery triggered for thermal_fault (severity: 0.90 >= 0.6)", "taskName": "Task-1090"}
{"timestamp": "2026-01-06T09:27:09.381130+00:00", "level": null, "name": "backend.recovery_orchestrator_enhanced", "message": "\u25b6\ufe0f  Executing escalation chain for thermal_fault (2 steps)", "taskName": "Task-1090"}
{"timestamp": "2026-01-06T09:27:09.381553+00:00", "level": null, "name": "backend.recovery_orchestrator_enhanced", "message": "\u25b6\ufe0f  Executing recovery action: activate_cooling (reason: thermal_fault (severity=0.90, step=1/2))", "taskName": "Task-1090"}
{"timestamp": "2026-01-06T09:27:09.381855+00:00", "level": null, "name": "backend.recovery_orchestrator_enhanced", "message": "\u2744\ufe0f  Activating cooling (duty: 80%, target: 35\u00b0C)", "taskName": "Task-1090"}
{"timestamp": "2026-01-06T09:27:09.887684+00:00", "level": null, "name": "backend.recovery_orchestrator_enhanced", "message": "\u2713 Cooling activated successfully", "taskName": "Task-1090"}
{"timestamp": "2026-01-06T09:27:09.888039+00:00", "level": null, "name": "backend.recovery_orchestrator_enhanced", "message": "\u2705 Recovery action succeeded: activate_cooling (0.5s)", "taskName": "Task-1090"}
{"timestamp": "2026-01-06T09:27:11.890314+00:00", "level": null, "name": "backend.recovery_orchestrator_enhanced", "message": "\u25b6\ufe0f  Executing recovery action: reduce_processor_load (reason: thermal_fault (severity=0.90, step=2/2))", "taskName": "Task-1090"}
{"timestamp": "2026-01-06T09:27:11.890629+00:00", "level": null, "name": "backend.recovery_orchestrator_enhanced", "message": "\ud83d\udcbb Reducing processor load (throttle: 20%, disable_tasks: True)", "taskName": "Task-1090"}
{"timestamp": "2026-01-06T09:27:12.201402+00:00", "level": null, "name": "backend.recovery_orchestrator_enhanced", "message": "\u2713 Processor load reduced successfully", "taskName": "Task-1090"}
{"timestamp": "2026-01-06T09:27:12.201763+00:00", "level": null, "name": "backend.recovery_orchestrator_enhanced", "message": "\u2705 Recovery action succeeded: reduce_processor_load (0.3s)", "taskName": "Task-1090"}
.{"timestamp": "2026-01-06T09:27:14.232935+00:00", "level": null, "name": "backend.recovery_orchestrator_enhanced", "message": "EnhancedRecoveryOrchestrator initialized (dry_run: False)", "taskName": null}
.{"timestamp": "2026-01-06T09:27:14.251340+00:00", "level": null, "name": "backend.recovery_orchestrator_enhanced", "message": "EnhancedRecoveryOrchestrator initialized (dry_run: False)", "taskName": null}
{"timestamp": "2026-01-06T09:27:14.252876+00:00", "level": null, "name": "backend.recovery_orchestrator_enhanced", "message": "Anomaly queued for recovery: power_fault (severity: 0.80, confidence: 0.90)", "taskName": "Task-1096"}
{"timestamp": "2026-01-06T09:27:14.252995+00:00", "level": null, "name": "backend.recovery_orchestrator_enhanced", "message": "Recovery triggered for power_fault (severity: 0.80 >= 0.7)", "taskName": "Task-1096"}
{"timestamp": "2026-01-06T09:27:14.253068+00:00", "level": null, "name": "backend.recovery_orchestrator_enhanced", "message": "\u25b6\ufe0f  Executing escalation chain for power_fault (1 steps)", "taskName": "Task-1096"}
{"timestamp": "2026-01-06T09:27:14.253167+00:00", "level": null, "name": "backend.recovery_orchestrator_enhanced", "message": "[DRY-RUN] \u25b6\ufe0f  Executing recovery action: reduce_power_load (reason: power_fault (severity=0.80, step=1/1))", "taskName": "Task-1096"}
{"timestamp": "2026-01-06T09:27:14.253242+00:00", "level": null, "name": "backend.recovery_orchestrator_enhanced", "message": "[DRY-RUN] Would execute reduce_power_load with params: {'power_reduction_percent': 30, 'target_subsystems': ['PAYLOAD']}", "taskName": "Task-1096"}
{"timestamp": "2026-01-06T09:27:14.366195+00:00", "level": null, "name": "backend.recovery_orchestrator_enhanced", "message": "\u2705 Recovery action simulated: reduce_power_load (0.1s)", "taskName": "Task-1096"}
.{"timestamp": "2026-01-06T09:27:16.381621+00:00", "level": null, "name": "backend.recovery_orchestrator_enhanced", "message": "EnhancedRecoveryOrchestrator initialized (dry_run: False)", "taskName": null}
{"timestamp": "2026-01-06T09:27:16.383186+00:00", "level": null, "name": "backend.recovery_orchestrator_enhanced", "message": "Dry-run mode ENABLED", "taskName": "Task-1099"}
{"timestamp": "2026-01-06T09:27:16.383288+00:00", "level": null, "name": "backend.recovery_orchestrator_enhanced", "message": "Dry-run mode DISABLED", "taskName": "Task-1099"}
.{"timestamp": "2026-01-06T09:27:16.392448+00:00", "level": null, "name": "backend.recovery_orchestrator_enhanced", "message": "EnhancedRecoveryOrchestrator initialized (dry_run: False)", "taskName": null}
{"timestamp": "2026-01-06T09:27:16.394010+00:00", "level": null, "name": "backend.recovery_orchestrator_enhanced", "message": "Anomaly queued for recovery: power_fault (severity: 0.80, confidence: 0.90)", "taskName": "Task-1102"}
{"timestamp": "2026-01-06T09:27:16.394145+00:00", "level": null, "name": "backend.recovery_orchestrator_enhanced", "message": "Recovery triggered for power_fault (severity: 0.80 >= 0.7)", "taskName": "Task-1102"}
{"timestamp": "2026-01-06T09:27:16.394207+00:00", "level": null, "name": "backend.recovery_orchestrator_enhanced", "message": "\u25b6\ufe0f  Executing escalation chain for power_fault (1 steps)", "taskName": "Task-1102"}
{"timestamp": "2026-01-06T09:27:16.394319+00:00", "level": null, "name": "backend.recovery_orchestrator_enhanced", "message": "[DRY-RUN] \u25b6\ufe0f  Executing recovery action: reduce_power_load (reason: power_fault (severity=0.80, step=1/1))", "taskName": "Task-1102"}
{"timestamp": "2026-01-06T09:27:16.394405+00:00", "level": null, "name": "backend.recovery_orchestrator_enhanced", "message": "[DRY-RUN] Would execute reduce_power_load with params: {'power_reduction_percent': 30, 'target_subsystems': ['PAYLOAD']}", "taskName": "Task-1102"}
{"timestamp": "2026-01-06T09:27:16.495275+00:00", "level": null, "name": "backend.recovery_orchestrator_enhanced", "message": "\u2705 Recovery action simulated: reduce_power_load (0.1s)", "taskName": "Task-1102"}
.{"timestamp": "2026-01-06T09:27:18.509282+00:00", "level": null, "name": "backend.recovery_orchestrator_enhanced", "message": "EnhancedRecoveryOrchestrator initialized (dry_run: False)", "taskName": null}
.{"timestamp": "2026-01-06T09:27:18.521998+00:00", "level": null, "name": "backend.recovery_orchestrator_enhanced", "message": "EnhancedRecoveryOrchestrator initialized (dry_run: False)", "taskName": null}
.{"timestamp": "2026-01-06T09:27:18.534194+00:00", "level": null, "name": "backend.recovery_orchestrator_enhanced", "message": "EnhancedRecoveryOrchestrator initialized (dry_run: False)", "taskName": null}
.{"timestamp": "2026-01-06T09:27:18.545454+00:00", "level": null, "name": "backend.recovery_orchestrator_enhanced", "message": "EnhancedRecoveryOrchestrator initialized (dry_run: False)", "taskName": null}
{"timestamp": "2026-01-06T09:27:18.547736+00:00", "level": null, "name": "backend.recovery_orchestrator_enhanced", "message": "\u26a1 Reducing power load by 30% on subsystems: ['PAYLOAD', 'HEATER']", "taskName": "Task-1114"}
{"timestamp": "2026-01-06T09:27:19.048728+00:00", "level": null, "name": "backend.recovery_orchestrator_enhanced", "message": "\u2713 Power load reduced successfully", "taskName": "Task-1114"}
.{"timestamp": "2026-01-06T09:27:19.059225+00:00", "level": null, "name": "backend.recovery_orchestrator_enhanced", "message": "EnhancedRecoveryOrchestrator initialized (dry_run: False)", "taskName": null}
{"timestamp": "2026-01-06T09:27:19.060799+00:00", "level": null, "name": "backend.recovery_orchestrator_enhanced", "message": "\u2744\ufe0f  Activating cooling (duty: 80%, target: 35\u00b0C)", "taskName": "Task-1117"}
{"timestamp": "2026-01-06T09:27:19.561738+00:00", "level": null, "name": "backend.recovery_orchestrator_enhanced", "message": "\u2713 Cooling activated successfully", "taskName": "Task-1117"}
.{"timestamp": "2026-01-06T09:27:19.572077+00:00", "level": null, "name": "backend.recovery_orchestrator_enhanced", "message": "EnhancedRecoveryOrchestrator initialized (dry_run: False)", "taskName": null}
{"timestamp": "2026-01-06T09:27:19.573424+00:00", "level": null, "name": "backend.recovery_orchestrator_enhanced", "message": "\ud83d\udef0\ufe0f  Stabilizing attitude (mode: nadir_pointing, wheels: True, thrusters: False)", "taskName": "Task-1120"}
{"timestamp": "2026-01-06T09:27:20.574827+00:00", "level": null, "name": "backend.recovery_orchestrator_enhanced", "message": "\u2713 Attitude stabilized successfully", "taskName": "Task-1120"}
.{"timestamp": "2026-01-06T09:27:20.585641+00:00", "level": null, "name": "backend.recovery_orchestrator_enhanced", "message": "EnhancedRecoveryOrchestrator initialized (dry_run: False)", "taskName": null}
{"timestamp": "2026-01-06T09:27:20.587039+00:00", "level": null, "name": "backend.recovery_orchestrator_enhanced", "message": "\ud83d\udcbb Reducing processor load (throttle: 20%, disable_tasks: True)", "taskName": "Task-1123"}
{"timestamp": "2026-01-06T09:27:20.902625+00:00", "level": null, "name": "backend.recovery_orchestrator_enhanced", "message": "\u2713 Processor load reduced successfully", "taskName": "Task-1123"}
.{"timestamp": "2026-01-06T09:27:20.911796+00:00", "level": null, "name": "backend.recovery_orchestrator_enhanced", "message": "EnhancedRecoveryOrchestrator initialized (dry_run: False)", "taskName": null}
{"timestamp": "2026-01-06T09:27:20.913168+00:00", "level": null, "name": "backend.recovery_orchestrator_enhanced", "message": "\ud83d\udee1\ufe0f  Entering SAFE_MODE (reason: test_fault, preserve_state: True)", "taskName": "Task-1126"}
{"timestamp": "2026-01-06T09:27:20.913303+00:00", "level": null, "name": "backend.recovery_orchestrator_enhanced", "message": "\u2713 SAFE_MODE activated", "taskName": "Task-1126"}
.{"timestamp": "2026-01-06T09:27:20.922788+00:00", "level": null, "name": "backend.recovery_orchestrator_enhanced", "message": "EnhancedRecoveryOrchestrator initialized (dry_run: False)", "taskName": null}
{"timestamp": "2026-01-06T09:27:20.924226+00:00", "level": null, "name": "backend.recovery_orchestrator_enhanced", "message": "\ud83d\udce1 ALERT [HIGH] via emergency: Test alert", "taskName": "Task-1129"}
{"timestamp": "2026-01-06T09:27:21.137589+00:00", "level": null, "name": "backend.recovery_orchestrator_enhanced", "message": "\u2713 Alert sent to ground control", "taskName": "Task-1129"}
.{"timestamp": "2026-01-06T09:27:21.146721+00:00", "level": null, "name": "backend.recovery_orchestrator_enhanced", "message": "EnhancedRecoveryOrchestrator initialized (dry_run: False)", "taskName": null}
{"timestamp": "2026-01-06T09:27:21.148074+00:00", "level": null, "name": "backend.recovery_orchestrator_enhanced", "message": "\ud83d\udcfb Restarting primary radio (warm restart)", "taskName": "Task-1132"}
{"timestamp": "2026-01-06T09:27:21.850840+00:00", "level": null, "name": "backend.recovery_orchestrator_enhanced", "message": "\u2713 Radio primary restarted successfully", "taskName": "Task-1132"}
.{"timestamp": "2026-01-06T09:27:21.861606+00:00", "level": null, "name": "backend.recovery_orchestrator_enhanced", "message": "EnhancedRecoveryOrchestrator initialized (dry_run: False)", "taskName": null}
{"timestamp": "2026-01-06T09:27:21.863142+00:00", "level": null, "name": "backend.recovery_orchestrator_enhanced", "message": "\ud83d\udcfb Switching to backup radio...", "taskName": "Task-1135"}
{"timestamp": "2026-01-06T09:27:22.378173+00:00", "level": null, "name": "backend.recovery_orchestrator_enhanced", "message": "\u2713 Switched to backup radio successfully", "taskName": "Task-1135"}
.{"timestamp": "2026-01-06T09:27:22.388638+00:00", "level": null, "name": "backend.recovery_orchestrator_enhanced", "message": "EnhancedRecoveryOrchestrator initialized (dry_run: False)", "taskName": null}
{"timestamp": "2026-01-06T09:27:22.390135+00:00", "level": null, "name": "backend.recovery_orchestrator_enhanced", "message": "\ud83d\udcdd Logging detailed state (duration: 60s, telemetry: True, health: True)", "taskName": "Task-1138"}
{"timestamp": "2026-01-06T09:27:22.703780+00:00", "level": null, "name": "backend.recovery_orchestrator_enhanced", "message": "\u2713 Detailed state logged successfully", "taskName": "Task-1138"}
.{"timestamp": "2026-01-06T09:27:22.713582+00:00", "level": null, "name": "backend.recovery_orchestrator_enhanced", "message": "EnhancedRecoveryOrchestrator initialized (dry_run: False)", "taskName": null}
{"timestamp": "2026-01-06T09:27:22.715215+00:00", "level": null, "name": "backend.recovery_orchestrator_enhanced", "message": "Anomaly queued for recovery: power_fault (severity: 0.80, confidence: 0.90)", "taskName": "Task-1141"}
{"timestamp": "2026-01-06T09:27:22.715324+00:00", "level": null, "name": "backend.recovery_orchestrator_enhanced", "message": "Recovery triggered for power_fault (severity: 0.80 >= 0.7)", "taskName": "Task-1141"}
{"timestamp": "2026-01-06T09:27:22.715382+00:00", "level": null, "name": "backend.recovery_orchestrator_enhanced", "message": "\u25b6\ufe0f  Executing escalation chain for power_fault (1 steps)", "taskName": "Task-1141"}
{"timestamp": "2026-01-06T09:27:22.715479+00:00", "level": null, "name": "backend.recovery_orchestrator_enhanced", "message": "\u25b6\ufe0f  Executing recovery action: reduce_power_load (reason: power_fault (severity=0.80, step=1/1))", "taskName": "Task-1141"}
{"timestamp": "2026-01-06T09:27:22.715564+00:00", "level": null, "name": "backend.recovery_orchestrator_enhanced", "message": "\u26a1 Reducing power load by 30% on subsystems: ['PAYLOAD']", "taskName": "Task-1141"}
{"timestamp": "2026-01-06T09:27:23.216282+00:00", "level": null, "name": "backend.recovery_orchestrator_enhanced", "message": "\u2713 Power load reduced successfully", "taskName": "Task-1141"}
{"timestamp": "2026-01-06T09:27:23.216731+00:00", "level": null, "name": "backend.recovery_orchestrator_enhanced", "message": "\u2705 Recovery action succeeded: reduce_power_load (0.5s)", "taskName": "Task-1141"}
{"timestamp": "2026-01-06T09:27:25.227383+00:00", "level": null, "name": "backend.recovery_orchestrator_enhanced", "message": "Anomaly queued for recovery: power_fault (severity: 0.80, confidence: 0.90)", "taskName": "Task-1141"}
{"timestamp": "2026-01-06T09:27:25.227567+00:00", "level": null, "name": "backend.recovery_orchestrator_enhanced", "message": "Recovery triggered for power_fault (severity: 0.80 >= 0.7)", "taskName": "Task-1141"}
{"timestamp": "2026-01-06T09:27:25.227676+00:00", "level": null, "name": "backend.recovery_orchestrator_enhanced", "message": "\u25b6\ufe0f  Executing escalation chain for power_fault (1 steps)", "taskName": "Task-1141"}
.{"timestamp": "2026-01-06T09:27:27.245603+00:00", "level": null, "name": "backend.recovery_orchestrator_enhanced", "message": "EnhancedRecoveryOrchestrator initialized (dry_run: False)", "taskName": null}
{"timestamp": "2026-01-06T09:27:27.247041+00:00", "level": null, "name": "backend.recovery_orchestrator_enhanced", "message": "Anomaly queued for recovery: power_fault (severity: 0.80, confidence: 0.90)", "taskName": "Task-1144"}
{"timestamp": "2026-01-06T09:27:27.247144+00:00", "level": null, "name": "backend.recovery_orchestrator_enhanced", "message": "Recovery triggered for power_fault (severity: 0.80 >= 0.7)", "taskName": "Task-1144"}
{"timestamp": "2026-01-06T09:27:27.247192+00:00", "level": null, "name": "backend.recovery_orchestrator_enhanced", "message": "\u25b6\ufe0f  Executing escalation chain for power_fault (1 steps)", "taskName": "Task-1144"}
{"timestamp": "2026-01-06T09:27:27.247283+00:00", "level": null, "name": "backend.recovery_orchestrator_enhanced", "message": "\u25b6\ufe0f  Executing recovery action: reduce_power_load (reason: power_fault (severity=0.80, step=1/1))", "taskName": "Task-1144"}
{"timestamp": "2026-01-06T09:27:27.247361+00:00", "level": null, "name": "backend.recovery_orchestrator_enhanced", "message": "\u26a1 Reducing power load by 30% on subsystems: ['PAYLOAD']", "taskName": "Task-1144"}
{"timestamp": "2026-01-06T09:27:27.748482+00:00", "level": null, "name": "backend.recovery_orchestrator_enhanced", "message": "\u2713 Power load reduced successfully", "taskName": "Task-1144"}
{"timestamp": "2026-01-06T09:27:27.749102+00:00", "level": null, "name": "backend.recovery_orchestrator_enhanced", "message": "\u2705 Recovery action succeeded: reduce_power_load (0.5s)", "taskName": "Task-1144"}
{"timestamp": "2026-01-06T09:27:29.751342+00:00", "level": null, "name": "backend.recovery_orchestrator_enhanced", "message": "Anomaly queued for recovery: power_fault (severity: 0.80, confidence: 0.90)", "taskName": "Task-1144"}
{"timestamp": "2026-01-06T09:27:29.751698+00:00", "level": null, "name": "backend.recovery_orchestrator_enhanced", "message": "Recovery triggered for power_fault (severity: 0.80 >= 0.7)", "taskName": "Task-1144"}
{"timestamp": "2026-01-06T09:27:29.751812+00:00", "level": null, "name": "backend.recovery_orchestrator_enhanced", "message": "\u25b6\ufe0f  Executing escalation chain for power_fault (1 steps)", "taskName": "Task-1144"}
{"timestamp": "2026-01-06T09:27:29.752061+00:00", "level": null, "name": "backend.recovery_orchestrator_enhanced", "message": "\u25b6\ufe0f  Executing recovery action: reduce_power_load (reason: power_fault (severity=0.80, step=1/1))", "taskName": "Task-1144"}
{"timestamp": "2026-01-06T09:27:29.752274+00:00", "level": null, "name": "backend.recovery_orchestrator_enhanced", "message": "\u26a1 Reducing power load by 30% on subsystems: ['PAYLOAD']", "taskName": "Task-1144"}
{"timestamp": "2026-01-06T09:27:30.262063+00:00", "level": null, "name": "backend.recovery_orchestrator_enhanced", "message": "\u2713 Power load reduced successfully", "taskName": "Task-1144"}
{"timestamp": "2026-01-06T09:27:30.262328+00:00", "level": null, "name": "backend.recovery_orchestrator_enhanced", "message": "\u2705 Recovery action succeeded: reduce_power_load (0.5s)", "taskName": "Task-1144"}
.{"timestamp": "2026-01-06T09:27:32.289881+00:00", "level": null, "name": "backend.recovery_orchestrator_enhanced", "message": "EnhancedRecoveryOrchestrator initialized (dry_run: False)", "taskName": null}
{"timestamp": "2026-01-06T09:27:32.291950+00:00", "level": null, "name": "backend.recovery_orchestrator_enhanced", "message": "Anomaly queued for recovery: power_fault (severity: 0.80, confidence: 0.90)", "taskName": "Task-1147"}
{"timestamp": "2026-01-06T09:27:32.292091+00:00", "level": null, "name": "backend.recovery_orchestrator_enhanced", "message": "Recovery triggered for power_fault (severity: 0.80 >= 0.7)", "taskName": "Task-1147"}
{"timestamp": "2026-01-06T09:27:32.292146+00:00", "level": null, "name": "backend.recovery_orchestrator_enhanced", "message": "\u25b6\ufe0f  Executing escalation chain for power_fault (1 steps)", "taskName": "Task-1147"}
{"timestamp": "2026-01-06T09:27:32.292253+00:00", "level": null, "name": "backend.recovery_orchestrator_enhanced", "message": "\u25b6\ufe0f  Executing recovery action: reduce_power_load (reason: power_fault (severity=0.80, step=1/1))", "taskName": "Task-1147"}
{"timestamp": "2026-01-06T09:27:32.292339+00:00", "level": null, "name": "backend.recovery_orchestrator_enhanced", "message": "\u26a1 Reducing power load by 30% on subsystems: ['PAYLOAD']", "taskName": "Task-1147"}
{"timestamp": "2026-01-06T09:27:32.803507+00:00", "level": null, "name": "backend.recovery_orchestrator_enhanced", "message": "\u2713 Power load reduced successfully", "taskName": "Task-1147"}
{"timestamp": "2026-01-06T09:27:32.803886+00:00", "level": null, "name": "backend.recovery_orchestrator_enhanced", "message": "\u2705 Recovery action succeeded: reduce_power_load (0.5s)", "taskName": "Task-1147"}
.{"timestamp": "2026-01-06T09:27:34.825118+00:00", "level": null, "name": "backend.recovery_orchestrator_enhanced", "message": "EnhancedRecoveryOrchestrator initialized (dry_run: False)", "taskName": null}
{"timestamp": "2026-01-06T09:27:34.826740+00:00", "level": null, "name": "backend.recovery_orchestrator_enhanced", "message": "Anomaly queued for recovery: thermal_fault (severity: 0.75, confidence: 0.92)", "taskName": "Task-1150"}
{"timestamp": "2026-01-06T09:27:34.826864+00:00", "level": null, "name": "backend.recovery_orchestrator_enhanced", "message": "Recovery triggered for thermal_fault (severity: 0.75 >= 0.6)", "taskName": "Task-1150"}
{"timestamp": "2026-01-06T09:27:34.826917+00:00", "level": null, "name": "backend.recovery_orchestrator_enhanced", "message": "\u25b6\ufe0f  Executing escalation chain for thermal_fault (2 steps)", "taskName": "Task-1150"}
{"timestamp": "2026-01-06T09:27:34.827047+00:00", "level": null, "name": "backend.recovery_orchestrator_enhanced", "message": "\u25b6\ufe0f  Executing recovery action: activate_cooling (reason: thermal_fault (severity=0.75, step=1/2))", "taskName": "Task-1150"}
{"timestamp": "2026-01-06T09:27:34.827133+00:00", "level": null, "name": "backend.recovery_orchestrator_enhanced", "message": "\u2744\ufe0f  Activating cooling (duty: 80%, target: 35\u00b0C)", "taskName": "Task-1150"}
{"timestamp": "2026-01-06T09:27:35.327571+00:00", "level": null, "name": "backend.recovery_orchestrator_enhanced", "message": "\u2713 Cooling activated successfully", "taskName": "Task-1150"}
{"timestamp": "2026-01-06T09:27:35.327995+00:00", "level": null, "name": "backend.recovery_orchestrator_enhanced", "message": "\u2705 Recovery action succeeded: activate_cooling (0.5s)", "taskName": "Task-1150"}
.{"timestamp": "2026-01-06T09:27:37.347118+00:00", "level": null, "name": "backend.recovery_orchestrator_enhanced", "message": "EnhancedRecoveryOrchestrator initialized (dry_run: False)", "taskName": null}
{"timestamp": "2026-01-06T09:27:37.348610+00:00", "level": null, "name": "backend.recovery_orchestrator_enhanced", "message": "Anomaly queued for recovery: power_fault (severity: 0.80, confidence: 0.90)", "taskName": "Task-1153"}
{"timestamp": "2026-01-06T09:27:37.348717+00:00", "level": null, "name": "backend.recovery_orchestrator_enhanced", "message": "Recovery triggered for power_fault (severity: 0.80 >= 0.7)", "taskName": "Task-1153"}
{"timestamp": "2026-01-06T09:27:37.348768+00:00", "level": null, "name": "backend.recovery_orchestrator_enhanced", "message": "\u25b6\ufe0f  Executing escalation chain for power_fault (1 steps)", "taskName": "Task-1153"}
{"timestamp": "2026-01-06T09:27:37.348878+00:00", "level": null, "name": "backend.recovery_orchestrator_enhanced", "message": "\u25b6\ufe0f  Executing recovery action: reduce_power_load (reason: power_fault (severity=0.80, step=1/1))", "taskName": "Task-1153"}
{"timestamp": "2026-01-06T09:27:37.348969+00:00", "level": null, "name": "backend.recovery_orchestrator_enhanced", "message": "\u26a1 Reducing power load by 30% on subsystems: ['PAYLOAD']", "taskName": "Task-1153"}
{"timestamp": "2026-01-06T09:27:37.860045+00:00", "level": null, "name": "backend.recovery_orchestrator_enhanced", "message": "\u2713 Power load reduced successfully", "taskName": "Task-1153"}
{"timestamp": "2026-01-06T09:27:37.860286+00:00", "level": null, "name": "backend.recovery_orchestrator_enhanced", "message": "\u2705 Recovery action succeeded: reduce_power_load (0.5s)", "taskName": "Task-1153"}
{"timestamp": "2026-01-06T09:27:39.981645+00:00", "level": null, "name": "backend.recovery_orchestrator_enhanced", "message": "Anomaly queued for recovery: power_fault (severity: 0.80, confidence: 0.90)", "taskName": "Task-1153"}
{"timestamp": "2026-01-06T09:27:39.981913+00:00", "level": null, "name": "backend.recovery_orchestrator_enhanced", "message": "Recovery triggered for power_fault (severity: 0.80 >= 0.7)", "taskName": "Task-1153"}
{"timestamp": "2026-01-06T09:27:39.982044+00:00", "level": null, "name": "backend.recovery_orchestrator_enhanced", "message": "\u25b6\ufe0f  Executing escalation chain for power_fault (1 steps)", "taskName": "Task-1153"}
{"timestamp": "2026-01-06T09:27:39.982500+00:00", "level": null, "name": "backend.recovery_orchestrator_enhanced", "message": "\u25b6\ufe0f  Executing recovery action: reduce_power_load (reason: power_fault (severity=0.80, step=1/1))", "taskName": "Task-1153"}
{"timestamp": "2026-01-06T09:27:39.982704+00:00", "level": null, "name": "backend.recovery_orchestrator_enhanced", "message": "\u26a1 Reducing power load by 30% on subsystems: ['PAYLOAD']", "taskName": "Task-1153"}
{"timestamp": "2026-01-06T09:27:40.495734+00:00", "level": null, "name": "backend.recovery_orchestrator_enhanced", "message": "\u2713 Power load reduced successfully", "taskName": "Task-1153"}
{"timestamp": "2026-01-06T09:27:40.496042+00:00", "level": null, "name": "backend.recovery_orchestrator_enhanced", "message": "\u2705 Recovery action succeeded: reduce_power_load (0.5s)", "taskName": "Task-1153"}
{"timestamp": "2026-01-06T09:27:42.612068+00:00", "level": null, "name": "backend.recovery_orchestrator_enhanced", "message": "Anomaly queued for recovery: power_fault (severity: 0.80, confidence: 0.90)", "taskName": "Task-1153"}
{"timestamp": "2026-01-06T09:27:42.612309+00:00", "level": null, "name": "backend.recovery_orchestrator_enhanced", "message": "Recovery triggered for power_fault (severity: 0.80 >= 0.7)", "taskName": "Task-1153"}
{"timestamp": "2026-01-06T09:27:42.612368+00:00", "level": null, "name": "backend.recovery_orchestrator_enhanced", "message": "\u25b6\ufe0f  Executing escalation chain for power_fault (1 steps)", "taskName": "Task-1153"}
{"timestamp": "2026-01-06T09:27:42.612495+00:00", "level": null, "name": "backend.recovery_orchestrator_enhanced", "message": "\u25b6\ufe0f  Executing recovery action: reduce_power_load (reason: power_fault (severity=0.80, step=1/1))", "taskName": "Task-1153"}
{"timestamp": "2026-01-06T09:27:42.612583+00:00", "level": null, "name": "backend.recovery_orchestrator_enhanced", "message": "\u26a1 Reducing power load by 30% on subsystems: ['PAYLOAD']", "taskName": "Task-1153"}
{"timestamp": "2026-01-06T09:27:43.126614+00:00", "level": null, "name": "backend.recovery_orchestrator_enhanced", "message": "\u2713 Power load reduced successfully", "taskName": "Task-1153"}
{"timestamp": "2026-01-06T09:27:43.126825+00:00", "level": null, "name": "backend.recovery_orchestrator_enhanced", "message": "\u2705 Recovery action succeeded: reduce_power_load (0.5s)", "taskName": "Task-1153"}
.{"timestamp": "2026-01-06T09:27:45.254976+00:00", "level": null, "name": "backend.recovery_orchestrator_enhanced", "message": "EnhancedRecoveryOrchestrator initialized (dry_run: False)", "taskName": null}
{"timestamp": "2026-01-06T09:27:45.256644+00:00", "level": null, "name": "backend.recovery_orchestrator_enhanced", "message": "Anomaly queued for recovery: power_fault (severity: 0.80, confidence: 0.90)", "taskName": "Task-1156"}
{"timestamp": "2026-01-06T09:27:45.256765+00:00", "level": null, "name": "backend.recovery_orchestrator_enhanced", "message": "Recovery triggered for power_fault (severity: 0.80 >= 0.7)", "taskName": "Task-1156"}
{"timestamp": "2026-01-06T09:27:45.256820+00:00", "level": null, "name": "backend.recovery_orchestrator_enhanced", "message": "\u25b6\ufe0f  Executing escalation chain for power_fault (1 steps)", "taskName": "Task-1156"}
{"timestamp": "2026-01-06T09:27:45.256926+00:00", "level": null, "name": "backend.recovery_orchestrator_enhanced", "message": "\u25b6\ufe0f  Executing recovery action: reduce_power_load (reason: power_fault (severity=0.80, step=1/1))", "taskName": "Task-1156"}
{"timestamp": "2026-01-06T09:27:45.257029+00:00", "level": null, "name": "backend.recovery_orchestrator_enhanced", "message": "\u26a1 Reducing power load by 30% on subsystems: ['PAYLOAD']", "taskName": "Task-1156"}
{"timestamp": "2026-01-06T09:27:45.772520+00:00", "level": null, "name": "backend.recovery_orchestrator_enhanced", "message": "\u2713 Power load reduced successfully", "taskName": "Task-1156"}
{"timestamp": "2026-01-06T09:27:45.772748+00:00", "level": null, "name": "backend.recovery_orchestrator_enhanced", "message": "\u2705 Recovery action succeeded: reduce_power_load (0.5s)", "taskName": "Task-1156"}
.{"timestamp": "2026-01-06T09:27:47.793752+00:00", "level": null, "name": "backend.recovery_orchestrator_enhanced", "message": "EnhancedRecoveryOrchestrator initialized (dry_run: False)", "taskName": null}
{"timestamp": "2026-01-06T09:27:47.795355+00:00", "level": null, "name": "backend.recovery_orchestrator_enhanced", "message": "Anomaly queued for recovery: unknown_fault_type (severity: 0.90, confidence: 0.90)", "taskName": "Task-1159"}
.{"timestamp": "2026-01-06T09:27:47.807435+00:00", "level": null, "name": "backend.recovery_orchestrator_enhanced", "message": "EnhancedRecoveryOrchestrator initialized (dry_run: False)", "taskName": null}
.{"timestamp": "2026-01-06T09:27:47.820095+00:00", "level": null, "name": "backend.recovery_orchestrator_enhanced", "message": "EnhancedRecoveryOrchestrator initialized (dry_run: False)", "taskName": null}
{"timestamp": "2026-01-06T09:27:47.821940+00:00", "level": null, "name": "backend.recovery_orchestrator_enhanced", "message": "Anomaly queued for recovery: thermal_fault (severity: 0.85, confidence: 0.95)", "taskName": "Task-1165"}
{"timestamp": "2026-01-06T09:27:47.822078+00:00", "level": null, "name": "backend.recovery_orchestrator_enhanced", "message": "Recovery triggered for thermal_fault (severity: 0.85 >= 0.6)", "taskName": "Task-1165"}
{"timestamp": "2026-01-06T09:27:47.822157+00:00", "level": null, "name": "backend.recovery_orchestrator_enhanced", "message": "\u25b6\ufe0f  Executing escalation chain for thermal_fault (2 steps)", "taskName": "Task-1165"}
{"timestamp": "2026-01-06T09:27:47.822282+00:00", "level": null, "name": "backend.recovery_orchestrator_enhanced", "message": "\u25b6\ufe0f  Executing recovery action: activate_cooling (reason: thermal_fault (severity=0.85, step=1/2))", "taskName": "Task-1165"}
{"timestamp": "2026-01-06T09:27:47.822421+00:00", "level": null, "name": "backend.recovery_orchestrator_enhanced", "message": "\u2744\ufe0f  Activating cooling (duty: 80%, target: 35\u00b0C)", "taskName": "Task-1165"}
{"timestamp": "2026-01-06T09:27:48.324457+00:00", "level": null, "name": "backend.recovery_orchestrator_enhanced", "message": "\u2713 Cooling activated successfully", "taskName": "Task-1165"}
{"timestamp": "2026-01-06T09:27:48.324650+00:00", "level": null, "name": "backend.recovery_orchestrator_enhanced", "message": "\u2705 Recovery action succeeded: activate_cooling (0.5s)", "taskName": "Task-1165"}
{"timestamp": "2026-01-06T09:27:50.331133+00:00", "level": null, "name": "backend.recovery_orchestrator_enhanced", "message": "\u25b6\ufe0f  Executing recovery action: reduce_processor_load (reason: thermal_fault (severity=0.85, step=2/2))", "taskName": "Task-1165"}
{"timestamp": "2026-01-06T09:27:50.331448+00:00", "level": null, "name": "backend.recovery_orchestrator_enhanced", "message": "\ud83d\udcbb Reducing processor load (throttle: 20%, disable_tasks: True)", "taskName": "Task-1165"}
{"timestamp": "2026-01-06T09:27:50.640191+00:00", "level": null, "name": "backend.recovery_orchestrator_enhanced", "message": "\u2713 Processor load reduced successfully", "taskName": "Task-1165"}
{"timestamp": "2026-01-06T09:27:50.640527+00:00", "level": null, "name": "backend.recovery_orchestrator_enhanced", "message": "\u2705 Recovery action succeeded: reduce_processor_load (0.3s)", "taskName": "Task-1165"}
.{"timestamp": "2026-01-06T09:27:52.659745+00:00", "level": null, "name": "backend.recovery_orchestrator_enhanced", "message": "EnhancedRecoveryOrchestrator initialized (dry_run: False)", "taskName": null}
{"timestamp": "2026-01-06T09:27:52.661126+00:00", "level": null, "name": "backend.recovery_orchestrator_enhanced", "message": "Anomaly queued for recovery: power_fault (severity: 0.80, confidence: 0.90)", "taskName": "Task-1168"}
{"timestamp": "2026-01-06T09:27:52.661251+00:00", "level": null, "name": "backend.recovery_orchestrator_enhanced", "message": "Recovery triggered for power_fault (severity: 0.80 >= 0.7)", "taskName": "Task-1168"}
{"timestamp": "2026-01-06T09:27:52.661328+00:00", "level": null, "name": "backend.recovery_orchestrator_enhanced", "message": "\u25b6\ufe0f  Executing escalation chain for power_fault (1 steps)", "taskName": "Task-1168"}
{"timestamp": "2026-01-06T09:27:52.661469+00:00", "level": null, "name": "backend.recovery_orchestrator_enhanced", "message": "[DRY-RUN] \u25b6\ufe0f  Executing recovery action: reduce_power_load (reason: power_fault (severity=0.80, step=1/1))", "taskName": "Task-1168"}
{"timestamp": "2026-01-06T09:27:52.661541+00:00", "level": null, "name": "backend.recovery_orchestrator_enhanced", "message": "[DRY-RUN] Would execute reduce_power_load with params: {'power_reduction_percent': 30, 'target_subsystems': ['PAYLOAD']}", "taskName": "Task-1168"}
{"timestamp": "2026-01-06T09:27:52.772290+00:00", "level": null, "name": "backend.recovery_orchestrator_enhanced", "message": "\u2705 Recovery action simulated: reduce_power_load (0.1s)", "taskName": "Task-1168"}
{"timestamp": "2026-01-06T09:27:54.786404+00:00", "level": null, "name": "backend.recovery_orchestrator_enhanced", "message": "Dry-run mode DISABLED", "taskName": "Task-1168"}
{"timestamp": "2026-01-06T09:27:54.786609+00:00", "level": null, "name": "backend.recovery_orchestrator_enhanced", "message": "Anomaly queued for recovery: power_fault (severity: 0.80, confidence: 0.90)", "taskName": "Task-1168"}
{"timestamp": "2026-01-06T09:27:54.786704+00:00", "level": null, "name": "backend.recovery_orchestrator_enhanced", "message": "Recovery triggered for power_fault (severity: 0.80 >= 0.7)", "taskName": "Task-1168"}
{"timestamp": "2026-01-06T09:27:54.786744+00:00", "level": null, "name": "backend.recovery_orchestrator_enhanced", "message": "\u25b6\ufe0f  Executing escalation chain for power_fault (1 steps)", "taskName": "Task-1168"}
{"timestamp": "2026-01-06T09:27:54.787047+00:00", "level": null, "name": "backend.recovery_orchestrator_enhanced", "message": "\u25b6\ufe0f  Executing recovery action: reduce_power_load (reason: power_fault (severity=0.80, step=1/1))", "taskName": "Task-1168"}
{"timestamp": "2026-01-06T09:27:54.787204+00:00", "level": null, "name": "backend.recovery_orchestrator_enhanced", "message": "\u26a1 Reducing power load by 30% on subsystems: ['PAYLOAD']", "taskName": "Task-1168"}
{"timestamp": "2026-01-06T09:27:55.301628+00:00", "level": null, "name": "backend.recovery_orchestrator_enhanced", "message": "\u2713 Power load reduced successfully", "taskName": "Task-1168"}
{"timestamp": "2026-01-06T09:27:55.301924+00:00", "level": null, "name": "backend.recovery_orchestrator_enhanced", "message": "\u2705 Recovery action succeeded: reduce_power_load (0.5s)", "taskName": "Task-1168"}
.
tests\test_recurrence_scorer.py ......
tests\test_resource_monitor.py .....{"timestamp": "2026-01-06T09:27:57.322731+00:00", "level": null, "name": "core.resource_monitor", "message": "ResourceMonitor initialized: cpu_warning=70.0%, memory_warning=75.0%", "taskName": null}
.{"timestamp": "2026-01-06T09:27:57.323838+00:00", "level": null, "name": "core.resource_monitor", "message": "ResourceMonitor initialized: cpu_warning=50.0%, memory_warning=75.0%", "taskName": null}
.{"timestamp": "2026-01-06T09:27:57.325106+00:00", "level": null, "name": "core.resource_monitor", "message": "ResourceMonitor initialized: cpu_warning=70.0%, memory_warning=75.0%", "taskName": null}
.{"timestamp": "2026-01-06T09:27:57.326579+00:00", "level": null, "name": "core.resource_monitor", "message": "ResourceMonitor initialized: cpu_warning=70.0%, memory_warning=75.0%", "taskName": null}
.{"timestamp": "2026-01-06T09:27:57.328469+00:00", "level": null, "name": "core.resource_monitor", "message": "ResourceMonitor initialized: cpu_warning=70.0%, memory_warning=75.0%", "taskName": null}
.{"timestamp": "2026-01-06T09:27:57.330480+00:00", "level": null, "name": "core.resource_monitor", "message": "ResourceMonitor initialized: cpu_warning=70.0%, memory_warning=75.0%", "taskName": null}
.{"timestamp": "2026-01-06T09:27:57.333719+00:00", "level": null, "name": "core.resource_monitor", "message": "ResourceMonitor initialized: cpu_warning=70.0%, memory_warning=75.0%", "taskName": null}
{"timestamp": "2026-01-06T09:27:57.334054+00:00", "level": null, "name": "core.resource_monitor", "message": "Memory warning: 89.4% (threshold: 75.0%)", "taskName": null}
.{"timestamp": "2026-01-06T09:27:57.334905+00:00", "level": null, "name": "core.resource_monitor", "message": "ResourceMonitor initialized: cpu_warning=70.0%, memory_warning=75.0%", "taskName": null}
{"timestamp": "2026-01-06T09:27:57.335724+00:00", "level": null, "name": "core.resource_monitor", "message": "Memory warning: 89.3% (threshold: 75.0%)", "taskName": null}
.{"timestamp": "2026-01-06T09:27:57.336523+00:00", "level": null, "name": "core.resource_monitor", "message": "ResourceMonitor initialized: cpu_warning=70.0%, memory_warning=75.0%", "taskName": null}
.{"timestamp": "2026-01-06T09:27:57.337731+00:00", "level": null, "name": "core.resource_monitor", "message": "ResourceMonitor initialized: cpu_warning=70.0%, memory_warning=75.0%", "taskName": null}
.{"timestamp": "2026-01-06T09:27:57.340271+00:00", "level": null, "name": "core.resource_monitor", "message": "ResourceMonitor initialized: cpu_warning=70.0%, memory_warning=75.0%", "taskName": null}
.{"timestamp": "2026-01-06T09:27:57.341014+00:00", "level": null, "name": "core.resource_monitor", "message": "ResourceMonitor initialized: cpu_warning=70.0%, memory_warning=75.0%", "taskName": null}
.{"timestamp": "2026-01-06T09:27:57.345102+00:00", "level": null, "name": "core.resource_monitor", "message": "ResourceMonitor initialized: cpu_warning=0.1%, memory_warning=75.0%", "taskName": null}
{"timestamp": "2026-01-06T09:27:57.345902+00:00", "level": null, "name": "core.resource_monitor", "message": "Memory warning: 89.3% (threshold: 75.0%)", "taskName": null}
.{"timestamp": "2026-01-06T09:27:57.346822+00:00", "level": null, "name": "core.resource_monitor", "message": "ResourceMonitor initialized: cpu_warning=70.0%, memory_warning=75.0%", "taskName": null}
{"timestamp": "2026-01-06T09:27:57.347149+00:00", "level": null, "name": "core.resource_monitor", "message": "Memory warning: 89.3% (threshold: 75.0%)", "taskName": null}
.{"timestamp": "2026-01-06T09:27:57.347899+00:00", "level": null, "name": "core.resource_monitor", "message": "ResourceMonitor initialized: cpu_warning=70.0%, memory_warning=75.0%", "taskName": null}
{"timestamp": "2026-01-06T09:27:57.347995+00:00", "level": null, "name": "core.resource_monitor", "message": "ResourceMonitor initialized: cpu_warning=70.0%, memory_warning=75.0%", "taskName": null}
.{"timestamp": "2026-01-06T09:27:57.348639+00:00", "level": null, "name": "core.resource_monitor", "message": "ResourceMonitor initialized: cpu_warning=70.0%, memory_warning=75.0%", "taskName": null}
.{"timestamp": "2026-01-06T09:27:57.349478+00:00", "level": null, "name": "core.resource_monitor", "message": "ResourceMonitor initialized: cpu_warning=70.0%, memory_warning=75.0%", "taskName": null}
.{"timestamp": "2026-01-06T09:27:57.350087+00:00", "level": null, "name": "core.resource_monitor", "message": "ResourceMonitor initialized: cpu_warning=70.0%, memory_warning=75.0%", "taskName": null}
.{"timestamp": "2026-01-06T09:27:57.351046+00:00", "level": null, "name": "core.resource_monitor", "message": "ResourceMonitor initialized: cpu_warning=70.0%, memory_warning=75.0%", "taskName": null}
...{"timestamp": "2026-01-06T09:27:57.353668+00:00", "level": null, "name": "core.resource_monitor", "message": "ResourceMonitor initialized: cpu_warning=70.0%, memory_warning=75.0%", "taskName": null}
{"timestamp": "2026-01-06T09:27:57.354555+00:00", "level": null, "name": "core.resource_monitor", "message": "Memory warning: 89.3% (threshold: 75.0%)", "taskName": null}
.{"timestamp": "2026-01-06T09:27:57.355430+00:00", "level": null, "name": "core.resource_monitor", "message": "ResourceMonitor initialized: cpu_warning=70.0%, memory_warning=75.0%", "taskName": null}
{"timestamp": "2026-01-06T09:27:57.355655+00:00", "level": null, "name": "core.resource_monitor", "message": "Memory warning: 89.3% (threshold: 75.0%)", "taskName": null}
{"timestamp": "2026-01-06T09:27:57.355992+00:00", "level": null, "name": "core.resource_monitor", "message": "Memory warning: 89.3% (threshold: 75.0%)", "taskName": null}
.{"timestamp": "2026-01-06T09:27:57.356758+00:00", "level": null, "name": "core.resource_monitor", "message": "ResourceMonitor initialized: cpu_warning=70.0%, memory_warning=75.0%", "taskName": null}
.
tests\test_retry.py .{"timestamp": "2026-01-06T09:27:57.363257+00:00", "level": null, "name": "core.retry", "message": "Retry 1/3 for AsyncMock after 0.592s: ", "taskName": "Task-1174"}
.{"timestamp": "2026-01-06T09:27:57.967880+00:00", "level": null, "name": "core.retry", "message": "Retry 1/2 for AsyncMock after 0.335s: network down", "taskName": "Task-1177"}
{"timestamp": "2026-01-06T09:27:58.304494+00:00", "level": null, "name": "core.retry", "message": "Retry exhausted for AsyncMock after 2 attempts: network down", "taskName": "Task-1177"}
.{"timestamp": "2026-01-06T09:27:58.321113+00:00", "level": null, "name": "core.retry", "message": "Non-retryable exception in AsyncMock: ValueError", "taskName": "Task-1180"}
...{"timestamp": "2026-01-06T09:27:58.352969+00:00", "level": null, "name": "core.retry", "message": "Retry 1/3 for failing_func after 0.072s: ", "taskName": "Task-1183"}
{"timestamp": "2026-01-06T09:27:58.430181+00:00", "level": null, "name": "core.retry", "message": "Retry 2/3 for failing_func after 0.185s: ", "taskName": "Task-1183"}
{"timestamp": "2026-01-06T09:27:58.616840+00:00", "level": null, "name": "core.retry", "message": "Retry exhausted for failing_func after 3 attempts: ", "taskName": "Task-1183"}
....{"timestamp": "2026-01-06T09:27:58.623588+00:00", "level": null, "name": "core.retry", "message": "Retry 1/3 for AsyncMock after 0.526s: custom", "taskName": "Task-1186"}
.{"timestamp": "2026-01-06T09:27:59.163453+00:00", "level": null, "name": "core.retry", "message": "Retry 1/4 for AsyncMock after 0.253s: ", "taskName": "Task-1189"}
{"timestamp": "2026-01-06T09:27:59.422595+00:00", "level": null, "name": "core.retry", "message": "Retry 2/4 for AsyncMock after 0.846s: ", "taskName": "Task-1189"}
..{"timestamp": "2026-01-06T09:28:00.309702+00:00", "level": null, "name": "core.retry", "message": "Retry 1/3 for AsyncMock after 0.552s: ", "taskName": "Task-1195"}
..{"timestamp": "2026-01-06T09:28:00.873008+00:00", "level": null, "name": "core.retry", "message": "Retry 1/3 for test_func after 0.009s: ", "taskName": null}
..{"timestamp": "2026-01-06T09:28:00.889496+00:00", "level": null, "name": "core.retry", "message": "Retry 1/2 for AsyncMock after 0.512s: timeout", "taskName": "Task-1201"}
{"timestamp": "2026-01-06T09:28:01.416272+00:00", "level": null, "name": "core.retry", "message": "Retry exhausted for AsyncMock after 2 attempts: timeout", "taskName": "Task-1201"}
.{"timestamp": "2026-01-06T09:28:01.432667+00:00", "level": null, "name": "core.retry", "message": "Retry 1/5 for unreliable_api after 0.011s: connection reset", "taskName": "Task-1204"}
{"timestamp": "2026-01-06T09:28:01.447281+00:00", "level": null, "name": "core.retry", "message": "Retry 2/5 for unreliable_api after 0.016s: connection reset", "taskName": "Task-1204"}
.{"timestamp": "2026-01-06T09:28:01.588532+00:00", "level": null, "name": "core.retry", "message": "Retry 1/3 for slow_operation after 0.007s: ", "taskName": "Task-1207"}
.{"timestamp": "2026-01-06T09:28:01.607674+00:00", "level": null, "name": "core.retry", "message": "Retry 1/5 for AsyncMock after 0.008s: first timeout", "taskName": "Task-1210"}
{"timestamp": "2026-01-06T09:28:01.619714+00:00", "level": null, "name": "core.retry", "message": "Retry 2/5 for AsyncMock after 0.028s: connection lost", "taskName": "Task-1210"}
{"timestamp": "2026-01-06T09:28:01.651062+00:00", "level": null, "name": "core.retry", "message": "Retry 3/5 for AsyncMock after 0.040s: io error", "taskName": "Task-1210"}
.{"timestamp": "2026-01-06T09:28:01.701631+00:00", "level": null, "name": "core.retry", "message": "Retry 1/3 for failing_operation after 0.539s: ", "taskName": "Task-1213"}
{"timestamp": "2026-01-06T09:28:02.255154+00:00", "level": null, "name": "core.retry", "message": "Retry 2/3 for failing_operation after 1.046s: ", "taskName": "Task-1213"}
{"timestamp": "2026-01-06T09:28:03.315154+00:00", "level": null, "name": "core.retry", "message": "Retry exhausted for failing_operation after 3 attempts: ", "taskName": "Task-1213"}
.{"timestamp": "2026-01-06T09:28:03.320376+00:00", "level": null, "name": "core.retry", "message": "Retry exhausted for AsyncMock after 1 attempts: ", "taskName": "Task-1216"}
.{"timestamp": "2026-01-06T09:28:03.324108+00:00", "level": null, "name": "core.retry", "message": "Retry 1/2 for AsyncMock after 0.000s: ", "taskName": "Task-1219"}
..
tests\test_retry_integration.py {"timestamp": "2026-01-06T09:28:03.346425+00:00", "level": null, "name": "core.circuit_breaker", "message": "Circuit breaker 'test_circuit' initialized: threshold=3, recovery=1.0s", "taskName": "Task-1225"}
{"timestamp": "2026-01-06T09:28:03.346744+00:00", "level": null, "name": "core.retry", "message": "Retry 1/5 for transient_failure after 0.009s: transient connection error", "taskName": "Task-1225"}
{"timestamp": "2026-01-06T09:28:03.360876+00:00", "level": null, "name": "core.retry", "message": "Retry 2/5 for transient_failure after 0.013s: transient connection error", "taskName": "Task-1225"}
.{"timestamp": "2026-01-06T09:28:03.381837+00:00", "level": null, "name": "core.circuit_breaker", "message": "Circuit breaker 'test_circuit' initialized: threshold=2, recovery=1.0s", "taskName": "Task-1228"}
{"timestamp": "2026-01-06T09:28:03.382155+00:00", "level": null, "name": "core.retry", "message": "Retry 1/3 for persistent_failure after 0.010s: persistent connection error", "taskName": "Task-1228"}
{"timestamp": "2026-01-06T09:28:03.406884+00:00", "level": null, "name": "core.retry", "message": "Retry 2/3 for persistent_failure after 0.022s: persistent connection error", "taskName": "Task-1228"}
{"timestamp": "2026-01-06T09:28:03.437821+00:00", "level": null, "name": "core.retry", "message": "Retry exhausted for persistent_failure after 3 attempts: persistent connection error", "taskName": "Task-1228"}
{"timestamp": "2026-01-06T09:28:03.438045+00:00", "level": null, "name": "core.circuit_breaker", "message": "Circuit 'test_circuit' failure (state=CircuitState.CLOSED, failures=1/2)", "taskName": "Task-1228"}
{"timestamp": "2026-01-06T09:28:03.438212+00:00", "level": null, "name": "core.retry", "message": "Retry 1/3 for persistent_failure after 0.009s: persistent connection error", "taskName": "Task-1228"}
{"timestamp": "2026-01-06T09:28:03.453752+00:00", "level": null, "name": "core.retry", "message": "Retry 2/3 for persistent_failure after 0.016s: persistent connection error", "taskName": "Task-1228"}
{"timestamp": "2026-01-06T09:28:03.484692+00:00", "level": null, "name": "core.retry", "message": "Retry exhausted for persistent_failure after 3 attempts: persistent connection error", "taskName": "Task-1228"}
{"timestamp": "2026-01-06T09:28:03.485137+00:00", "level": null, "name": "core.circuit_breaker", "message": "Circuit 'test_circuit' failure (state=CircuitState.CLOSED, failures=2/2)", "taskName": "Task-1228"}
{"timestamp": "2026-01-06T09:28:03.485380+00:00", "level": null, "name": "core.circuit_breaker", "message": "Circuit 'test_circuit' OPENED after 2 failures", "taskName": "Task-1228"}
.{"timestamp": "2026-01-06T09:28:03.490536+00:00", "level": null, "name": "core.circuit_breaker", "message": "Circuit breaker 'test_circuit' initialized: threshold=2, recovery=1.0s", "taskName": "Task-1231"}
{"timestamp": "2026-01-06T09:28:03.490875+00:00", "level": null, "name": "core.retry", "message": "Retry 1/3 for failing_operation after 0.012s: operation timeout", "taskName": "Task-1231"}
{"timestamp": "2026-01-06T09:28:03.515648+00:00", "level": null, "name": "core.retry", "message": "Retry 2/3 for failing_operation after 0.021s: operation timeout", "taskName": "Task-1231"}
{"timestamp": "2026-01-06T09:28:03.546889+00:00", "level": null, "name": "core.retry", "message": "Retry exhausted for failing_operation after 3 attempts: operation timeout", "taskName": "Task-1231"}
{"timestamp": "2026-01-06T09:28:03.547084+00:00", "level": null, "name": "core.circuit_breaker", "message": "Circuit 'test_circuit' failure (state=CircuitState.CLOSED, failures=1/2)", "taskName": "Task-1231"}
{"timestamp": "2026-01-06T09:28:03.547230+00:00", "level": null, "name": "core.retry", "message": "Retry 1/3 for failing_operation after 0.009s: operation timeout", "taskName": "Task-1231"}
{"timestamp": "2026-01-06T09:28:03.562591+00:00", "level": null, "name": "core.retry", "message": "Retry 2/3 for failing_operation after 0.025s: operation timeout", "taskName": "Task-1231"}
{"timestamp": "2026-01-06T09:28:03.594233+00:00", "level": null, "name": "core.retry", "message": "Retry exhausted for failing_operation after 3 attempts: operation timeout", "taskName": "Task-1231"}
{"timestamp": "2026-01-06T09:28:03.594412+00:00", "level": null, "name": "core.circuit_breaker", "message": "Circuit 'test_circuit' failure (state=CircuitState.CLOSED, failures=2/2)", "taskName": "Task-1231"}
{"timestamp": "2026-01-06T09:28:03.594494+00:00", "level": null, "name": "core.circuit_breaker", "message": "Circuit 'test_circuit' OPENED after 2 failures", "taskName": "Task-1231"}
.{"timestamp": "2026-01-06T09:28:03.610182+00:00", "level": null, "name": "core.circuit_breaker", "message": "Circuit breaker 'test_circuit' initialized: threshold=2, recovery=1.0s", "taskName": "Task-1234"}
{"timestamp": "2026-01-06T09:28:03.610687+00:00", "level": null, "name": "core.retry", "message": "Retry 1/3 for varying_operation after 0.015s: ", "taskName": "Task-1234"}
{"timestamp": "2026-01-06T09:28:03.641042+00:00", "level": null, "name": "core.retry", "message": "Retry 2/3 for varying_operation after 0.027s: ", "taskName": "Task-1234"}
{"timestamp": "2026-01-06T09:28:03.671932+00:00", "level": null, "name": "core.retry", "message": "Retry 1/3 for varying_operation after 0.011s: ", "taskName": "Task-1234"}
{"timestamp": "2026-01-06T09:28:03.688321+00:00", "level": null, "name": "core.retry", "message": "Retry 1/3 for varying_operation after 0.011s: ", "taskName": "Task-1234"}
{"timestamp": "2026-01-06T09:28:03.703214+00:00", "level": null, "name": "core.retry", "message": "Retry 2/3 for varying_operation after 0.019s: ", "taskName": "Task-1234"}
{"timestamp": "2026-01-06T09:28:03.734518+00:00", "level": null, "name": "core.retry", "message": "Retry exhausted for varying_operation after 3 attempts: ", "taskName": "Task-1234"}
{"timestamp": "2026-01-06T09:28:03.734742+00:00", "level": null, "name": "core.circuit_breaker", "message": "Circuit 'test_circuit' failure (state=CircuitState.CLOSED, failures=1/2)", "taskName": "Task-1234"}
{"timestamp": "2026-01-06T09:28:03.735058+00:00", "level": null, "name": "core.retry", "message": "Retry 1/3 for varying_operation after 0.005s: ", "taskName": "Task-1234"}
{"timestamp": "2026-01-06T09:28:03.750424+00:00", "level": null, "name": "core.retry", "message": "Retry 2/3 for varying_operation after 0.018s: ", "taskName": "Task-1234"}
{"timestamp": "2026-01-06T09:28:03.781760+00:00", "level": null, "name": "core.retry", "message": "Retry exhausted for varying_operation after 3 attempts: ", "taskName": "Task-1234"}
{"timestamp": "2026-01-06T09:28:03.782056+00:00", "level": null, "name": "core.circuit_breaker", "message": "Circuit 'test_circuit' failure (state=CircuitState.CLOSED, failures=2/2)", "taskName": "Task-1234"}
{"timestamp": "2026-01-06T09:28:03.782179+00:00", "level": null, "name": "core.circuit_breaker", "message": "Circuit 'test_circuit' OPENED after 2 failures", "taskName": "Task-1234"}
.{"timestamp": "2026-01-06T09:28:03.784809+00:00", "level": null, "name": "core.circuit_breaker", "message": "Circuit breaker 'test_circuit' initialized: threshold=2, recovery=0.05s", "taskName": "Task-1237"}
{"timestamp": "2026-01-06T09:28:03.784989+00:00", "level": null, "name": "core.retry", "message": "Retry exhausted for operation after 1 attempts: ", "taskName": "Task-1237"}
{"timestamp": "2026-01-06T09:28:03.785060+00:00", "level": null, "name": "core.circuit_breaker", "message": "Circuit 'test_circuit' failure (state=CircuitState.CLOSED, failures=1/2)", "taskName": "Task-1237"}
{"timestamp": "2026-01-06T09:28:03.785148+00:00", "level": null, "name": "core.retry", "message": "Retry exhausted for operation after 1 attempts: ", "taskName": "Task-1237"}
{"timestamp": "2026-01-06T09:28:03.785204+00:00", "level": null, "name": "core.circuit_breaker", "message": "Circuit 'test_circuit' failure (state=CircuitState.CLOSED, failures=2/2)", "taskName": "Task-1237"}
{"timestamp": "2026-01-06T09:28:03.785256+00:00", "level": null, "name": "core.circuit_breaker", "message": "Circuit 'test_circuit' OPENED after 2 failures", "taskName": "Task-1237"}
{"timestamp": "2026-01-06T09:28:03.938250+00:00", "level": null, "name": "core.circuit_breaker", "message": "Circuit 'test_circuit' -> HALF_OPEN (testing recovery)", "taskName": "Task-1237"}
{"timestamp": "2026-01-06T09:28:03.938974+00:00", "level": null, "name": "core.circuit_breaker", "message": "Circuit 'test_circuit' CLOSED (recovered)", "taskName": "Task-1237"}
.{"timestamp": "2026-01-06T09:28:03.944393+00:00", "level": null, "name": "core.circuit_breaker", "message": "Circuit breaker 'test_circuit' initialized: threshold=1, recovery=30s", "taskName": "Task-1240"}
{"timestamp": "2026-01-06T09:28:03.944752+00:00", "level": null, "name": "core.retry", "message": "Retry 1/2 for failing_operation after 0.006s: operation timeout", "taskName": "Task-1240"}
{"timestamp": "2026-01-06T09:28:03.954787+00:00", "level": null, "name": "core.retry", "message": "Retry exhausted for failing_operation after 2 attempts: operation timeout", "taskName": "Task-1240"}
{"timestamp": "2026-01-06T09:28:03.955012+00:00", "level": null, "name": "core.circuit_breaker", "message": "Circuit 'test_circuit' failure (state=CircuitState.CLOSED, failures=1/1)", "taskName": "Task-1240"}
{"timestamp": "2026-01-06T09:28:03.955149+00:00", "level": null, "name": "core.circuit_breaker", "message": "Circuit 'test_circuit' OPENED after 1 failures", "taskName": "Task-1240"}
.{"timestamp": "2026-01-06T09:28:03.959841+00:00", "level": null, "name": "core.retry", "message": "Retry 1/5 for sometimes_fails after 0.012s: ", "taskName": "Task-1245"}
{"timestamp": "2026-01-06T09:28:03.960037+00:00", "level": null, "name": "core.retry", "message": "Retry 1/5 for sometimes_fails after 0.009s: ", "taskName": "Task-1246"}
{"timestamp": "2026-01-06T09:28:03.960130+00:00", "level": null, "name": "core.retry", "message": "Retry 1/5 for sometimes_fails after 0.010s: ", "taskName": "Task-1248"}
{"timestamp": "2026-01-06T09:28:03.960350+00:00", "level": null, "name": "core.retry", "message": "Retry 1/5 for sometimes_fails after 0.014s: ", "taskName": "Task-1250"}
{"timestamp": "2026-01-06T09:28:03.960462+00:00", "level": null, "name": "core.retry", "message": "Retry 1/5 for sometimes_fails after 0.013s: ", "taskName": "Task-1253"}
{"timestamp": "2026-01-06T09:28:03.969970+00:00", "level": null, "name": "core.retry", "message": "Retry 2/5 for sometimes_fails after 0.013s: ", "taskName": "Task-1246"}
{"timestamp": "2026-01-06T09:28:03.985446+00:00", "level": null, "name": "core.retry", "message": "Retry 2/5 for sometimes_fails after 0.020s: ", "taskName": "Task-1248"}
{"timestamp": "2026-01-06T09:28:03.985718+00:00", "level": null, "name": "core.retry", "message": "Retry 2/5 for sometimes_fails after 0.013s: ", "taskName": "Task-1253"}
{"timestamp": "2026-01-06T09:28:04.001736+00:00", "level": null, "name": "core.retry", "message": "Retry 3/5 for sometimes_fails after 0.058s: ", "taskName": "Task-1253"}
{"timestamp": "2026-01-06T09:28:04.016968+00:00", "level": null, "name": "core.retry", "message": "Retry 3/5 for sometimes_fails after 0.044s: ", "taskName": "Task-1248"}
{"timestamp": "2026-01-06T09:28:04.062804+00:00", "level": null, "name": "core.retry", "message": "Retry 4/5 for sometimes_fails after 0.048s: ", "taskName": "Task-1248"}
{"timestamp": "2026-01-06T09:28:04.125468+00:00", "level": null, "name": "core.retry", "message": "Retry exhausted for sometimes_fails after 5 attempts: ", "taskName": "Task-1248"}
.{"timestamp": "2026-01-06T09:28:04.129558+00:00", "level": null, "name": "core.retry", "message": "Retry 1/3 for failing_operation after 0.129s: ", "taskName": "Task-1256"}
{"timestamp": "2026-01-06T09:28:04.264345+00:00", "level": null, "name": "core.retry", "message": "Retry 2/3 for failing_operation after 0.235s: ", "taskName": "Task-1256"}
{"timestamp": "2026-01-06T09:28:04.516168+00:00", "level": null, "name": "core.retry", "message": "Retry exhausted for failing_operation after 3 attempts: ", "taskName": "Task-1256"}
{"timestamp": "2026-01-06T09:28:04.516380+00:00", "level": null, "name": "core.retry", "message": "Retry 1/3 for failing_operation after 0.079s: ", "taskName": "Task-1256"}
{"timestamp": "2026-01-06T09:28:04.608114+00:00", "level": null, "name": "core.retry", "message": "Retry 2/3 for failing_operation after 0.234s: ", "taskName": "Task-1256"}
{"timestamp": "2026-01-06T09:28:04.855602+00:00", "level": null, "name": "core.retry", "message": "Retry exhausted for failing_operation after 3 attempts: ", "taskName": "Task-1256"}
{"timestamp": "2026-01-06T09:28:04.855933+00:00", "level": null, "name": "core.retry", "message": "Retry 1/3 for failing_operation after 0.061s: ", "taskName": "Task-1256"}
{"timestamp": "2026-01-06T09:28:04.918479+00:00", "level": null, "name": "core.retry", "message": "Retry 2/3 for failing_operation after 0.188s: ", "taskName": "Task-1256"}
{"timestamp": "2026-01-06T09:28:05.118467+00:00", "level": null, "name": "core.retry", "message": "Retry exhausted for failing_operation after 3 attempts: ", "taskName": "Task-1256"}
{"timestamp": "2026-01-06T09:28:05.118811+00:00", "level": null, "name": "core.retry", "message": "Retry 1/3 for failing_operation after 0.072s: ", "taskName": "Task-1256"}
{"timestamp": "2026-01-06T09:28:05.195952+00:00", "level": null, "name": "core.retry", "message": "Retry 2/3 for failing_operation after 0.179s: ", "taskName": "Task-1256"}
{"timestamp": "2026-01-06T09:28:05.382502+00:00", "level": null, "name": "core.retry", "message": "Retry exhausted for failing_operation after 3 attempts: ", "taskName": "Task-1256"}
{"timestamp": "2026-01-06T09:28:05.382913+00:00", "level": null, "name": "core.retry", "message": "Retry 1/3 for failing_operation after 0.066s: ", "taskName": "Task-1256"}
{"timestamp": "2026-01-06T09:28:05.460482+00:00", "level": null, "name": "core.retry", "message": "Retry 2/3 for failing_operation after 0.119s: ", "taskName": "Task-1256"}
{"timestamp": "2026-01-06T09:28:05.584686+00:00", "level": null, "name": "core.retry", "message": "Retry exhausted for failing_operation after 3 attempts: ", "taskName": "Task-1256"}
.{"timestamp": "2026-01-06T09:28:05.589085+00:00", "level": null, "name": "core.circuit_breaker", "message": "Circuit breaker 'test_circuit' initialized: threshold=1, recovery=30s", "taskName": "Task-1259"}
{"timestamp": "2026-01-06T09:28:05.589272+00:00", "level": null, "name": "core.retry", "message": "Non-retryable exception in operation: ValueError", "taskName": "Task-1259"}
..
tests\test_safe_condition_parser.py .........................................

================================== FAILURES ===================================
________ TestStateEngineEdgeCases.test_force_safe_mode_from_all_states ________
tests\test_coverage_enhancement.py:818: in test_force_safe_mode_from_all_states
    self.sm.set_phase(phase)
state_machine\state_engine.py:143: in set_phase
    raise StateTransitionError(
E   core.error_handling.StateTransitionError: Invalid phase transition: NOMINAL_OPS \u2192 LAUNCH
------------------------------ Captured log call ------------------------------
ERROR    state_machine.state_engine:state_engine.py:189 State transition error: Invalid phase transition: NOMINAL_OPS \u2192 LAUNCH\nWARNING  core.component_health:component_health.py:150 Component state_machine marked degraded: Invalid phase transition: NOMINAL_OPS \u2192 LAUNCH
============================== warnings summary ===============================
C:\Users\PURVANSH JOSHI\AppData\Local\Packages\PythonSoftwareFoundation.Python.3.13_qbz5n2kfra8p0\LocalCache\local-packages\Python313\site-packages\pydantic\_internal\_generate_schema.py:319
  C:\Users\PURVANSH JOSHI\AppData\Local\Packages\PythonSoftwareFoundation.Python.3.13_qbz5n2kfra8p0\LocalCache\local-packages\Python313\site-packages\pydantic\_internal\_generate_schema.py:319: PydanticDeprecatedSince20: `json_encoders` is deprecated. See https://docs.pydantic.dev/2.12/concepts/serialization/#custom-serializers for alternatives. Deprecated in Pydantic V2.0 to be removed in V3.0. See Pydantic V2 Migration Guide at https://errors.pydantic.dev/2.12/migration/
    warnings.warn(

tests/benchmark/test_feedback_epic.py::TestProductionReadiness::test_all_dependencies_available
  <frozen importlib._bootstrap>:488: DeprecationWarning: Type google._upb._message.MessageMapContainer uses PyType_Spec with a metaclass that has custom tp_new. This is deprecated and will no longer be allowed in Python 3.14.

tests/benchmark/test_feedback_epic.py::TestProductionReadiness::test_all_dependencies_available
  <frozen importlib._bootstrap>:488: DeprecationWarning: Type google._upb._message.ScalarMapContainer uses PyType_Spec with a metaclass that has custom tp_new. This is deprecated and will no longer be allowed in Python 3.14.

tests/test_api.py::TestTelemetryEndpoints::test_submit_normal_telemetry
  C:\Users\PURVANSH JOSHI\AppData\Local\Packages\PythonSoftwareFoundation.Python.3.13_qbz5n2kfra8p0\LocalCache\local-packages\Python313\site-packages\sklearn\base.py:442: InconsistentVersionWarning: Trying to unpickle estimator ExtraTreeRegressor from version 1.8.0 when using version 1.7.2. This might lead to breaking code or invalid results. Use at your own risk. For more info please refer to:
  https://scikit-learn.org/stable/model_persistence.html#security-maintainability-limitations
    warnings.warn(

tests/test_api.py::TestTelemetryEndpoints::test_submit_normal_telemetry
  C:\Users\PURVANSH JOSHI\AppData\Local\Packages\PythonSoftwareFoundation.Python.3.13_qbz5n2kfra8p0\LocalCache\local-packages\Python313\site-packages\sklearn\base.py:442: InconsistentVersionWarning: Trying to unpickle estimator IsolationForest from version 1.8.0 when using version 1.7.2. This might lead to breaking code or invalid results. Use at your own risk. For more info please refer to:
  https://scikit-learn.org/stable/model_persistence.html#security-maintainability-limitations
    warnings.warn(

tests/test_cli/test_feedback_review.py::TestLoadPending::test_load_pending_single_event
tests/test_cli/test_feedback_review.py::TestLoadPending::test_load_pending_multiple_events
tests/test_cli/test_feedback_review.py::TestLoadPending::test_load_pending_multiple_events
tests/test_cli/test_feedback_review.py::TestLoadPending::test_load_pending_multiple_events
  C:\Users\PURVANSH JOSHI\AppData\Local\Packages\PythonSoftwareFoundation.Python.3.13_qbz5n2kfra8p0\LocalCache\local-packages\Python313\site-packages\pydantic\main.py:716: DeprecationWarning: datetime.datetime.utcnow() is deprecated and scheduled for removal in a future version. Use timezone-aware objects to represent datetimes in UTC: datetime.datetime.now(datetime.UTC).
    return cls.__pydantic_validator__.validate_python(

tests/test_cli/test_feedback_review.py: 9 warnings
tests/test_decorators/test_feedback_decorator.py: 106 warnings
tests/test_integration/test_feedback_logging.py: 11 warnings
tests/test_memory/test_feedback_pinning.py: 15 warnings
tests/test_models/test_feedback.py: 24 warnings
tests/test_policy/test_feedback_updater.py: 74 warnings
  C:\Users\PURVANSH JOSHI\AppData\Local\Packages\PythonSoftwareFoundation.Python.3.13_qbz5n2kfra8p0\LocalCache\local-packages\Python313\site-packages\pydantic\main.py:250: DeprecationWarning: datetime.datetime.utcnow() is deprecated and scheduled for removal in a future version. Use timezone-aware objects to represent datetimes in UTC: datetime.datetime.now(datetime.UTC).
    validated_self = self.__pydantic_validator__.validate_python(data, self_instance=self)

tests/test_distributed_coordinator.py: 34 warnings
  D:\Elite_Coders\AstraGuard-AI\tests\test_distributed_coordinator.py:52: DeprecationWarning: datetime.datetime.utcnow() is deprecated and scheduled for removal in a future version. Use timezone-aware objects to represent datetimes in UTC: datetime.datetime.now(datetime.UTC).
    "timestamp": datetime.utcnow().isoformat(),

tests/test_distributed_coordinator.py::test_startup_sets_leader_flag
tests/test_distributed_coordinator.py::test_startup_as_follower
tests/test_distributed_coordinator.py::test_state_publisher_publishes_local_state
tests/test_distributed_coordinator.py::test_state_publisher_publishes_local_state
tests/test_distributed_coordinator.py::test_shutdown_stops_background_tasks
tests/test_distributed_coordinator.py::test_multi_instance_leader_failover
  D:\Elite_Coders\AstraGuard-AI\backend\distributed_coordinator.py:164: DeprecationWarning: datetime.datetime.utcnow() is deprecated and scheduled for removal in a future version. Use timezone-aware objects to represent datetimes in UTC: datetime.datetime.now(datetime.UTC).
    "timestamp": datetime.utcnow().isoformat(),

tests/test_distributed_coordinator.py::test_startup_sets_leader_flag
tests/test_distributed_coordinator.py::test_startup_as_follower
tests/test_distributed_coordinator.py::test_vote_collector_registers_vote
tests/test_distributed_coordinator.py::test_vote_collector_registers_vote
tests/test_distributed_coordinator.py::test_shutdown_stops_background_tasks
tests/test_distributed_coordinator.py::test_multi_instance_leader_failover
  D:\Elite_Coders\AstraGuard-AI\backend\distributed_coordinator.py:290: DeprecationWarning: datetime.datetime.utcnow() is deprecated and scheduled for removal in a future version. Use timezone-aware objects to represent datetimes in UTC: datetime.datetime.now(datetime.UTC).
    "timestamp": datetime.utcnow().isoformat(),

tests/test_distributed_coordinator.py::test_quorum_consensus_simple_majority
tests/test_distributed_coordinator.py::test_quorum_consensus_5_instances_3_vote_open
tests/test_distributed_coordinator.py::test_quorum_consensus_split_brain_detection
tests/test_distributed_coordinator.py::test_consensus_increments_decision_counter
tests/test_distributed_coordinator.py::test_consensus_with_malformed_votes
tests/test_distributed_coordinator.py::test_full_coordination_cycle
tests/test_distributed_coordinator.py::test_consensus_performance
  D:\Elite_Coders\AstraGuard-AI\backend\distributed_coordinator.py:376: DeprecationWarning: datetime.datetime.utcnow() is deprecated and scheduled for removal in a future version. Use timezone-aware objects to represent datetimes in UTC: datetime.datetime.now(datetime.UTC).
    self.last_consensus_time = datetime.utcnow()

tests/test_distributed_coordinator.py::test_redis_disconnection_handled_gracefully
  D:\Elite_Coders\AstraGuard-AI\backend\distributed_coordinator.py:329: RuntimeWarning: coroutine 'AsyncMockMixin._execute_mock_call' was never awaited
    v.get("circuit_breaker_state", "UNKNOWN") for v in votes.values()
  Enable tracemalloc to get traceback where the object was allocated.
  See https://docs.pytest.org/en/stable/how-to/capture-warnings.html#resource-warnings for more info.

tests/test_health_monitor_integration.py: 24 warnings
  D:\Elite_Coders\AstraGuard-AI\tests\..\backend\health_monitor.py:99: DeprecationWarning: datetime.datetime.utcnow() is deprecated and scheduled for removal in a future version. Use timezone-aware objects to represent datetimes in UTC: datetime.datetime.now(datetime.UTC).
    self.start_time = datetime.utcnow()

tests/test_health_monitor_integration.py: 10 warnings
  D:\Elite_Coders\AstraGuard-AI\tests\..\backend\health_monitor.py:118: DeprecationWarning: datetime.datetime.utcnow() is deprecated and scheduled for removal in a future version. Use timezone-aware objects to represent datetimes in UTC: datetime.datetime.now(datetime.UTC).
    "timestamp": datetime.utcnow().isoformat(),

tests/test_health_monitor_integration.py: 10 warnings
  D:\Elite_Coders\AstraGuard-AI\tests\..\backend\health_monitor.py:209: DeprecationWarning: datetime.datetime.utcnow() is deprecated and scheduled for removal in a future version. Use timezone-aware objects to represent datetimes in UTC: datetime.datetime.now(datetime.UTC).
    cutoff_time = datetime.utcnow() - timedelta(

tests/test_health_monitor_integration.py: 10 warnings
  D:\Elite_Coders\AstraGuard-AI\tests\..\backend\health_monitor.py:242: DeprecationWarning: datetime.datetime.utcnow() is deprecated and scheduled for removal in a future version. Use timezone-aware objects to represent datetimes in UTC: datetime.datetime.now(datetime.UTC).
    return (datetime.utcnow() - self.start_time).total_seconds()

tests/test_health_monitor_integration.py::test_record_retry_failure
tests/test_health_monitor_integration.py::test_record_retry_failure
tests/test_health_monitor_integration.py::test_retry_metrics_within_window
tests/test_health_monitor_integration.py::test_retry_metrics_within_window
tests/test_health_monitor_integration.py::test_health_monitor_retry_integration
tests/test_health_monitor_integration.py::test_health_monitor_retry_integration
tests/test_health_monitor_integration.py::test_health_monitor_retry_integration
tests/test_health_monitor_integration.py::test_health_monitor_retry_integration
tests/test_health_monitor_integration.py::test_health_monitor_retry_integration
  D:\Elite_Coders\AstraGuard-AI\tests\..\backend\health_monitor.py:247: DeprecationWarning: datetime.datetime.utcnow() is deprecated and scheduled for removal in a future version. Use timezone-aware objects to represent datetimes in UTC: datetime.datetime.now(datetime.UTC).
    self._retry_failures.append(datetime.utcnow())

tests/test_health_monitor_integration.py::test_retry_metrics_within_window
  D:\Elite_Coders\AstraGuard-AI\tests\test_health_monitor_integration.py:181: DeprecationWarning: datetime.datetime.utcnow() is deprecated and scheduled for removal in a future version. Use timezone-aware objects to represent datetimes in UTC: datetime.datetime.now(datetime.UTC).
    old_time = datetime.utcnow() - timedelta(hours=2)

tests/test_health_monitor_integration.py: 10 warnings
  D:\Elite_Coders\AstraGuard-AI\tests\test_health_monitor_integration.py:86: DeprecationWarning: datetime.datetime.utcnow() is deprecated and scheduled for removal in a future version. Use timezone-aware objects to represent datetimes in UTC: datetime.datetime.now(datetime.UTC).
    "timestamp": datetime.utcnow().isoformat(),

tests/test_health_monitor_integration.py::test_cascade_to_heuristic_circuit_open
tests/test_health_monitor_integration.py::test_cascade_to_heuristic_high_retry_failures
tests/test_health_monitor_integration.py::test_cascade_to_safe_multiple_failures
tests/test_health_monitor_integration.py::test_cascade_logs_transitions
tests/test_health_monitor_integration.py::test_full_cascade_flow
tests/test_health_monitor_integration.py::test_full_cascade_flow
  D:\Elite_Coders\AstraGuard-AI\tests\..\backend\health_monitor.py:288: DeprecationWarning: datetime.datetime.utcnow() is deprecated and scheduled for removal in a future version. Use timezone-aware objects to represent datetimes in UTC: datetime.datetime.now(datetime.UTC).
    "timestamp": datetime.utcnow().isoformat(),

tests/test_health_monitor_integration.py::test_fallback_manager_cascade
tests/test_health_monitor_integration.py::test_fallback_manager_transitions_log
tests/test_health_monitor_integration.py::test_fallback_manager_mode_callback
  D:\Elite_Coders\AstraGuard-AI\tests\..\backend\..\backend\fallback_manager.py:121: DeprecationWarning: datetime.datetime.utcnow() is deprecated and scheduled for removal in a future version. Use timezone-aware objects to represent datetimes in UTC: datetime.datetime.now(datetime.UTC).
    "timestamp": datetime.utcnow().isoformat(),

tests/test_health_monitor_integration.py::test_cascade_endpoint
  D:\Elite_Coders\AstraGuard-AI\tests\..\backend\health_monitor.py:456: DeprecationWarning: datetime.datetime.utcnow() is deprecated and scheduled for removal in a future version. Use timezone-aware objects to represent datetimes in UTC: datetime.datetime.now(datetime.UTC).
    "timestamp": datetime.utcnow().isoformat(),

tests/test_health_monitor_integration.py::test_liveness_check_endpoint
  D:\Elite_Coders\AstraGuard-AI\tests\..\backend\health_monitor.py:514: DeprecationWarning: datetime.datetime.utcnow() is deprecated and scheduled for removal in a future version. Use timezone-aware objects to represent datetimes in UTC: datetime.datetime.now(datetime.UTC).
    return {"status": "alive", "timestamp": datetime.utcnow().isoformat()}

tests/test_recovery_orchestrator.py: 30 warnings
  D:\Elite_Coders\AstraGuard-AI\tests\test_recovery_orchestrator.py:40: DeprecationWarning: datetime.datetime.utcnow() is deprecated and scheduled for removal in a future version. Use timezone-aware objects to represent datetimes in UTC: datetime.datetime.now(datetime.UTC).
    "timestamp": datetime.utcnow().isoformat(),

tests/test_recovery_orchestrator.py::test_circuit_recovery_triggered_when_open_exceeds_threshold
tests/test_recovery_orchestrator.py::test_circuit_recovery_respects_cooldown
tests/test_recovery_orchestrator.py::test_full_recovery_flow_circuit_restart
tests/test_recovery_orchestrator.py::test_concurrent_condition_evaluation
  D:\Elite_Coders\AstraGuard-AI\tests\test_recovery_orchestrator.py:78: DeprecationWarning: datetime.datetime.utcnow() is deprecated and scheduled for removal in a future version. Use timezone-aware objects to represent datetimes in UTC: datetime.datetime.now(datetime.UTC).
    "timestamp": datetime.utcnow().isoformat(),

tests/test_recovery_orchestrator.py::test_circuit_recovery_respects_cooldown
  D:\Elite_Coders\AstraGuard-AI\tests\test_recovery_orchestrator.py:185: DeprecationWarning: datetime.datetime.utcnow() is deprecated and scheduled for removal in a future version. Use timezone-aware objects to represent datetimes in UTC: datetime.datetime.now(datetime.UTC).
    recovery_orchestrator._last_action_times["circuit_restart"] = datetime.utcnow()

tests/test_recovery_orchestrator.py::test_circuit_recovery_respects_cooldown
tests/test_recovery_orchestrator.py::test_cooldown_prevents_immediate_reexecution
tests/test_recovery_orchestrator.py::test_cooldown_expires_after_duration
  D:\Elite_Coders\AstraGuard-AI\backend\recovery_orchestrator.py:474: DeprecationWarning: datetime.datetime.utcnow() is deprecated and scheduled for removal in a future version. Use timezone-aware objects to represent datetimes in UTC: datetime.datetime.now(datetime.UTC).
    elapsed = (datetime.utcnow() - last_time).total_seconds()

tests/test_recovery_orchestrator.py::test_circuit_recovery_respects_cooldown
tests/test_recovery_orchestrator.py::test_get_cooldown_remaining
  D:\Elite_Coders\AstraGuard-AI\backend\recovery_orchestrator.py:489: DeprecationWarning: datetime.datetime.utcnow() is deprecated and scheduled for removal in a future version. Use timezone-aware objects to represent datetimes in UTC: datetime.datetime.now(datetime.UTC).
    elapsed = (datetime.utcnow() - last_time).total_seconds()

tests/test_recovery_orchestrator.py::test_cache_recovery_triggered_when_failures_exceed_threshold
tests/test_recovery_orchestrator.py::test_concurrent_condition_evaluation
  D:\Elite_Coders\AstraGuard-AI\tests\test_recovery_orchestrator.py:92: DeprecationWarning: datetime.datetime.utcnow() is deprecated and scheduled for removal in a future version. Use timezone-aware objects to represent datetimes in UTC: datetime.datetime.now(datetime.UTC).
    "timestamp": datetime.utcnow().isoformat(),

tests/test_recovery_orchestrator.py::test_safety_recovery_triggered_when_multiple_failures
  D:\Elite_Coders\AstraGuard-AI\tests\test_recovery_orchestrator.py:106: DeprecationWarning: datetime.datetime.utcnow() is deprecated and scheduled for removal in a future version. Use timezone-aware objects to represent datetimes in UTC: datetime.datetime.now(datetime.UTC).
    "timestamp": datetime.utcnow().isoformat(),

tests/test_recovery_orchestrator.py::test_execute_action_updates_metrics
tests/test_recovery_orchestrator.py::test_execute_action_records_history
tests/test_recovery_orchestrator.py::test_action_failure_tracked_in_metrics
tests/test_recovery_orchestrator.py::test_full_recovery_flow_circuit_restart
tests/test_recovery_orchestrator.py::test_concurrent_condition_evaluation
tests/test_recovery_orchestrator.py::test_concurrent_condition_evaluation
  D:\Elite_Coders\AstraGuard-AI\backend\recovery_orchestrator.py:371: DeprecationWarning: datetime.datetime.utcnow() is deprecated and scheduled for removal in a future version. Use timezone-aware objects to represent datetimes in UTC: datetime.datetime.now(datetime.UTC).
    timestamp=datetime.utcnow(),

tests/test_recovery_orchestrator.py::test_execute_action_updates_metrics
tests/test_recovery_orchestrator.py::test_execute_action_records_history
tests/test_recovery_orchestrator.py::test_cooldown_prevents_immediate_reexecution
tests/test_recovery_orchestrator.py::test_get_cooldown_remaining
tests/test_recovery_orchestrator.py::test_full_recovery_flow_circuit_restart
tests/test_recovery_orchestrator.py::test_concurrent_condition_evaluation
tests/test_recovery_orchestrator.py::test_concurrent_condition_evaluation
  D:\Elite_Coders\AstraGuard-AI\backend\recovery_orchestrator.py:479: DeprecationWarning: datetime.datetime.utcnow() is deprecated and scheduled for removal in a future version. Use timezone-aware objects to represent datetimes in UTC: datetime.datetime.now(datetime.UTC).
    self._last_action_times[action_type] = datetime.utcnow()

tests/test_recovery_orchestrator.py::test_cooldown_expires_after_duration
  D:\Elite_Coders\AstraGuard-AI\tests\test_recovery_orchestrator.py:346: DeprecationWarning: datetime.datetime.utcnow() is deprecated and scheduled for removal in a future version. Use timezone-aware objects to represent datetimes in UTC: datetime.datetime.now(datetime.UTC).
    datetime.utcnow() - timedelta(seconds=301)

tests/test_recovery_orchestrator.py::test_get_action_history
  D:\Elite_Coders\AstraGuard-AI\tests\test_recovery_orchestrator.py:415: DeprecationWarning: datetime.datetime.utcnow() is deprecated and scheduled for removal in a future version. Use timezone-aware objects to represent datetimes in UTC: datetime.datetime.now(datetime.UTC).
    action1 = RecoveryAction("circuit_restart", datetime.utcnow(), "test1")

tests/test_recovery_orchestrator.py::test_get_action_history
  D:\Elite_Coders\AstraGuard-AI\tests\test_recovery_orchestrator.py:416: DeprecationWarning: datetime.datetime.utcnow() is deprecated and scheduled for removal in a future version. Use timezone-aware objects to represent datetimes in UTC: datetime.datetime.now(datetime.UTC).
    action2 = RecoveryAction("cache_purge", datetime.utcnow(), "test2")

tests/test_recovery_orchestrator.py: 100 warnings
  D:\Elite_Coders\AstraGuard-AI\tests\test_recovery_orchestrator.py:588: DeprecationWarning: datetime.datetime.utcnow() is deprecated and scheduled for removal in a future version. Use timezone-aware objects to represent datetimes in UTC: datetime.datetime.now(datetime.UTC).
    datetime.utcnow(),

tests/test_recovery_orchestrator_enhanced.py: 21 warnings
  D:\Elite_Coders\AstraGuard-AI\tests\..\backend\recovery_orchestrator_enhanced.py:381: DeprecationWarning: datetime.datetime.utcnow() is deprecated and scheduled for removal in a future version. Use timezone-aware objects to represent datetimes in UTC: datetime.datetime.now(datetime.UTC).
    timestamp=datetime.utcnow(),

tests/test_recovery_orchestrator_enhanced.py: 20 warnings
  D:\Elite_Coders\AstraGuard-AI\tests\..\backend\recovery_orchestrator_enhanced.py:612: DeprecationWarning: datetime.datetime.utcnow() is deprecated and scheduled for removal in a future version. Use timezone-aware objects to represent datetimes in UTC: datetime.datetime.now(datetime.UTC).
    timestamp=datetime.utcnow(),

tests/test_recovery_orchestrator_enhanced.py: 17 warnings
  D:\Elite_Coders\AstraGuard-AI\tests\..\backend\recovery_orchestrator_enhanced.py:930: DeprecationWarning: datetime.datetime.utcnow() is deprecated and scheduled for removal in a future version. Use timezone-aware objects to represent datetimes in UTC: datetime.datetime.now(datetime.UTC).
    self._last_action_times[action_type] = datetime.utcnow()

tests/test_recovery_orchestrator_enhanced.py::TestEscalationChains::test_condition_evaluation_severity
  D:\Elite_Coders\AstraGuard-AI\tests\test_recovery_orchestrator_enhanced.py:241: DeprecationWarning: datetime.datetime.utcnow() is deprecated and scheduled for removal in a future version. Use timezone-aware objects to represent datetimes in UTC: datetime.datetime.now(datetime.UTC).
    timestamp=datetime.utcnow()

tests/test_recovery_orchestrator_enhanced.py::TestCooldownManagement::test_cooldown_blocks_repeat_action
tests/test_recovery_orchestrator_enhanced.py::TestCooldownManagement::test_cooldown_expires
  D:\Elite_Coders\AstraGuard-AI\tests\..\backend\recovery_orchestrator_enhanced.py:925: DeprecationWarning: datetime.datetime.utcnow() is deprecated and scheduled for removal in a future version. Use timezone-aware objects to represent datetimes in UTC: datetime.datetime.now(datetime.UTC).
    elapsed = (datetime.utcnow() - last_time).total_seconds()

tests/test_recovery_orchestrator_enhanced.py::TestCooldownManagement::test_cooldown_blocks_repeat_action
  D:\Elite_Coders\AstraGuard-AI\tests\..\backend\recovery_orchestrator_enhanced.py:940: DeprecationWarning: datetime.datetime.utcnow() is deprecated and scheduled for removal in a future version. Use timezone-aware objects to represent datetimes in UTC: datetime.datetime.now(datetime.UTC).
    elapsed = (datetime.utcnow() - last_time).total_seconds()

tests/test_recovery_orchestrator_enhanced.py::TestCooldownManagement::test_cooldown_blocks_repeat_action
  D:\Elite_Coders\AstraGuard-AI\tests\..\backend\recovery_orchestrator_enhanced.py:588: DeprecationWarning: datetime.datetime.utcnow() is deprecated and scheduled for removal in a future version. Use timezone-aware objects to represent datetimes in UTC: datetime.datetime.now(datetime.UTC).
    timestamp=datetime.utcnow(),

tests/test_recovery_orchestrator_enhanced.py::TestErrorHandling::test_invalid_condition
  D:\Elite_Coders\AstraGuard-AI\tests\test_recovery_orchestrator_enhanced.py:647: DeprecationWarning: datetime.datetime.utcnow() is deprecated and scheduled for removal in a future version. Use timezone-aware objects to represent datetimes in UTC: datetime.datetime.now(datetime.UTC).
    timestamp=datetime.utcnow()

-- Docs: https://docs.pytest.org/en/stable/how-to/capture-warnings.html
=========================== short test summary info ===========================
FAILED tests/test_coverage_enhancement.py::TestStateEngineEdgeCases::test_force_safe_mode_from_all_states
====== 1 failed, 646 passed, 2 skipped, 610 warnings in 85.92s (0:01:25) ======
